Component: Arm Compiler for Embedded 6.19 Tool: armlink [5e73cb00]

==============================================================================

Section Cross References

    i2c.o(.ARM.exidx.text.i2c1_init) refers to i2c.o(.text.i2c1_init) for [Anonymous Symbol]
    i2c.o(.ARM.exidx.text.I2C1_byteRead) refers to i2c.o(.text.I2C1_byteRead) for [Anonymous Symbol]
    i2c.o(.ARM.exidx.text.I2C1_burstRead) refers to i2c.o(.text.I2C1_burstRead) for [Anonymous Symbol]
    i2c.o(.ARM.exidx.text.I2C1_burstWrite) refers to i2c.o(.text.I2C1_burstWrite) for [Anonymous Symbol]
    i2c.o(.ARM.exidx.text.i2c2_init) refers to i2c.o(.text.i2c2_init) for [Anonymous Symbol]
    i2c.o(.ARM.exidx.text.I2C2_byteRead) refers to i2c.o(.text.I2C2_byteRead) for [Anonymous Symbol]
    i2c.o(.ARM.exidx.text.I2C2_burstRead) refers to i2c.o(.text.I2C2_burstRead) for [Anonymous Symbol]
    i2c.o(.ARM.exidx.text.I2C2_burstWrite) refers to i2c.o(.text.I2C2_burstWrite) for [Anonymous Symbol]
    main.o(.text.main) refers to systick.o(.text.systickDelaysMs) for systickDelaysMs
    main.o(.text.main) refers to ssd1306.o(.text.ssd1306_init) for ssd1306_init
    main.o(.text.main) refers to mpu6050.o(.text.mpu_init) for mpu_init
    main.o(.text.main) refers to mpu6050.o(.text.mpu_read_values) for mpu_read_values
    main.o(.text.main) refers to mpu6050.o(.bss.sensors_data) for sensors_data
    main.o(.text.main) refers to main.o(.bss.ax) for ax
    main.o(.text.main) refers to main.o(.bss.ay) for ay
    main.o(.text.main) refers to main.o(.bss.az) for az
    main.o(.text.main) refers to fflt_clz.o(x$fpl$fflt) for __aeabi_i2f
    main.o(.text.main) refers to fdiv.o(x$fpl$fdiv) for __aeabi_fdiv
    main.o(.text.main) refers to main.o(.bss.acc_x) for acc_x
    main.o(.text.main) refers to main.o(.bss.acc_y) for acc_y
    main.o(.text.main) refers to main.o(.bss.acc_z) for acc_z
    main.o(.text.main) refers to f2d.o(x$fpl$f2d) for __aeabi_f2d
    main.o(.text.main) refers to atan2.o(i.atan2) for atan2
    main.o(.text.main) refers to dmul.o(x$fpl$dmul) for __aeabi_dmul
    main.o(.text.main) refers to dfix.o(x$fpl$dfix) for __aeabi_d2iz
    main.o(.text.main) refers to main.o(.bss.roll) for roll
    main.o(.text.main) refers to fmul.o(x$fpl$fmul) for __aeabi_fmul
    main.o(.text.main) refers to faddsub_clz.o(x$fpl$fadd) for __aeabi_fadd
    main.o(.text.main) refers to sqrt.o(i.sqrt) for sqrt
    main.o(.text.main) refers to main.o(.bss.pitch) for pitch
    main.o(.text.main) refers to ssd1306.o(.text.DisplayCls) for DisplayCls
    main.o(.text.main) refers to ssd1306.o(.text.drawAH) for drawAH
    main.o(.text.main) refers to ssd1306.o(.text.RefreshRAM) for RefreshRAM
    main.o(.ARM.exidx.text.main) refers to main.o(.text.main) for [Anonymous Symbol]
    ssd1306.o(.text.writeByte) refers to i2c.o(.text.I2C1_burstWrite) for I2C1_burstWrite
    ssd1306.o(.ARM.exidx.text.writeByte) refers to ssd1306.o(.text.writeByte) for [Anonymous Symbol]
    ssd1306.o(.text.ssd1306_init) refers to i2c.o(.text.i2c1_init) for i2c1_init
    ssd1306.o(.text.ssd1306_init) refers to systick.o(.text.systickDelaysMs) for systickDelaysMs
    ssd1306.o(.text.ssd1306_init) refers to ssd1306.o(.text.writeByte) for writeByte
    ssd1306.o(.ARM.exidx.text.ssd1306_init) refers to ssd1306.o(.text.ssd1306_init) for [Anonymous Symbol]
    ssd1306.o(.text.DisplayCls) refers to ssd1306.o(.bss.DispBuff) for DispBuff
    ssd1306.o(.ARM.exidx.text.DisplayCls) refers to ssd1306.o(.text.DisplayCls) for [Anonymous Symbol]
    ssd1306.o(.text.RefreshRAM) refers to ssd1306.o(.text.writeByte) for writeByte
    ssd1306.o(.text.RefreshRAM) refers to ssd1306.o(.text.SetColStart) for SetColStart
    ssd1306.o(.text.RefreshRAM) refers to ssd1306.o(.bss.DispBuff) for DispBuff
    ssd1306.o(.ARM.exidx.text.RefreshRAM) refers to ssd1306.o(.text.RefreshRAM) for [Anonymous Symbol]
    ssd1306.o(.text.SetColStart) refers to ssd1306.o(.text.writeByte) for writeByte
    ssd1306.o(.ARM.exidx.text.SetColStart) refers to ssd1306.o(.text.SetColStart) for [Anonymous Symbol]
    ssd1306.o(.text.DrawPoint) refers to ssd1306.o(.bss.DispBuff) for DispBuff
    ssd1306.o(.ARM.exidx.text.DrawPoint) refers to ssd1306.o(.text.DrawPoint) for [Anonymous Symbol]
    ssd1306.o(.text.DrawPointNew) refers to ssd1306.o(.bss.DispBuff) for DispBuff
    ssd1306.o(.ARM.exidx.text.DrawPointNew) refers to ssd1306.o(.text.DrawPointNew) for [Anonymous Symbol]
    ssd1306.o(.text.DisplayChar) refers to ssd1306.o(.rodata.font) for font
    ssd1306.o(.text.DisplayChar) refers to ssd1306.o(.text.DrawPoint) for DrawPoint
    ssd1306.o(.ARM.exidx.text.DisplayChar) refers to ssd1306.o(.text.DisplayChar) for [Anonymous Symbol]
    ssd1306.o(.text.DispTxt) refers to ssd1306.o(.text.DisplayCls) for DisplayCls
    ssd1306.o(.text.DispTxt) refers to ssd1306.o(.text.DisplayChar) for DisplayChar
[...]
    rtexit.o(.ARM.exidx) refers (Special) to rtexit2.o(.ARM.Collect$$rtexit$$00000003) for __rt_exit_ls
    rtexit.o(.ARM.exidx) refers (Special) to rtexit2.o(.ARM.Collect$$rtexit$$00000002) for __rt_exit_prels_1
    rtexit.o(.ARM.exidx) refers to rtexit.o(.ARM.Collect$$rtexit$$00000000) for .ARM.Collect$$rtexit$$00000000
    libinit2.o(.ARM.Collect$$libinit$$00000012) refers to libinit2.o(.ARM.Collect$$libinit$$00000011) for .ARM.Collect$$libinit$$00000011
    libinit2.o(.ARM.Collect$$libinit$$00000014) refers to libinit2.o(.ARM.Collect$$libinit$$00000011) for .ARM.Collect$$libinit$$00000011
    libinit2.o(.ARM.Collect$$libinit$$00000016) refers to libinit2.o(.ARM.Collect$$libinit$$00000011) for .ARM.Collect$$libinit$$00000011
    libinit2.o(.ARM.Collect$$libinit$$00000018) refers to libinit2.o(.ARM.Collect$$libinit$$00000011) for .ARM.Collect$$libinit$$00000011
    libinit2.o(.ARM.Collect$$libinit$$0000001A) refers to libinit2.o(.ARM.Collect$$libinit$$00000011) for .ARM.Collect$$libinit$$00000011
    libinit2.o(.ARM.Collect$$libinit$$00000028) refers to argv_veneer.o(.emb_text) for __ARM_argv_veneer
    libinit2.o(.ARM.Collect$$libinit$$00000029) refers to argv_veneer.o(.emb_text) for __ARM_argv_veneer
    trapv.o(x$fpl$trapveneer) refers (Special) to usenofp.o(x$fpl$usenofp) for __I$use$fp
    rtexit2.o(.ARM.Collect$$rtexit$$00000003) refers to libshutdown.o(.ARM.Collect$$libshutdown$$00000000) for __rt_lib_shutdown
    rtexit2.o(.ARM.Collect$$rtexit$$00000004) refers to sys_exit.o(.text) for _sys_exit
    rtexit2.o(.ARM.exidx) refers to rtexit2.o(.ARM.Collect$$rtexit$$00000001) for .ARM.Collect$$rtexit$$00000001
    rtexit2.o(.ARM.exidx) refers to rtexit2.o(.ARM.Collect$$rtexit$$00000003) for .ARM.Collect$$rtexit$$00000003
    rtexit2.o(.ARM.exidx) refers to rtexit2.o(.ARM.Collect$$rtexit$$00000004) for .ARM.Collect$$rtexit$$00000004
    argv_veneer.o(.emb_text) refers to no_argv.o(.text) for __ARM_get_argv
    sys_exit.o(.text) refers (Special) to use_no_semi.o(.text) for __I$use$semihosting
    sys_exit.o(.text) refers (Special) to indicate_semi.o(.text) for __semihosting_library_function
    sys_exit_hlt.o(.text) refers (Special) to use_no_semi.o(.text) for __I$use$semihosting
    sys_exit_hlt.o(.text) refers (Special) to indicate_semi.o(.text) for __semihosting_library_function
    _get_argv_nomalloc.o(.text) refers (Special) to hrguard.o(.text) for __heap_region$guard
    _get_argv_nomalloc.o(.text) refers to defsig_rtmem_outer.o(.text) for __rt_SIGRTMEM
    _get_argv_nomalloc.o(.text) refers to sys_command.o(.text) for _sys_command_string
    libshutdown.o(.ARM.Collect$$libshutdown$$00000000) refers (Special) to libshutdown2.o(.ARM.Collect$$libshutdown$$00000002) for __rt_lib_shutdown_cpp_1
    libshutdown.o(.ARM.Collect$$libshutdown$$00000000) refers (Special) to libshutdown2.o(.ARM.Collect$$libshutdown$$00000007) for __rt_lib_shutdown_fp_trap_1
    libshutdown.o(.ARM.Collect$$libshutdown$$00000000) refers (Special) to libshutdown2.o(.ARM.Collect$$libshutdown$$0000000F) for __rt_lib_shutdown_heap_1
    libshutdown.o(.ARM.Collect$$libshutdown$$00000000) refers (Special) to libshutdown2.o(.ARM.Collect$$libshutdown$$00000010) for __rt_lib_shutdown_return
    libshutdown.o(.ARM.Collect$$libshutdown$$00000000) refers (Special) to libshutdown2.o(.ARM.Collect$$libshutdown$$0000000A) for __rt_lib_shutdown_signal_1
    libshutdown.o(.ARM.Collect$$libshutdown$$00000000) refers (Special) to libshutdown2.o(.ARM.Collect$$libshutdown$$00000004) for __rt_lib_shutdown_stdio_1
    libshutdown.o(.ARM.Collect$$libshutdown$$00000000) refers (Special) to libshutdown2.o(.ARM.Collect$$libshutdown$$0000000C) for __rt_lib_shutdown_user_alloc_1
    sys_command.o(.text) refers (Special) to use_no_semi.o(.text) for __I$use$semihosting
    sys_command.o(.text) refers (Special) to indicate_semi.o(.text) for __semihosting_library_function
    sys_command_hlt.o(.text) refers (Special) to use_no_semi.o(.text) for __I$use$semihosting
    sys_command_hlt.o(.text) refers (Special) to indicate_semi.o(.text) for __semihosting_library_function
    defsig_rtmem_outer.o(.text) refers to defsig_rtmem_inner.o(.text) for __rt_SIGRTMEM_inner
    defsig_rtmem_outer.o(.text) refers to defsig_exit.o(.text) for __sig_exit
    defsig_rtmem_formal.o(.text) refers to rt_raise.o(.text) for __rt_raise
    rt_raise.o(.text) refers to __raise.o(.text) for __raise
    rt_raise.o(.text) refers to sys_exit.o(.text) for _sys_exit
    defsig_exit.o(.text) refers to sys_exit.o(.text) for _sys_exit
    defsig_rtmem_inner.o(.text) refers to defsig_general.o(.text) for __default_signal_display
    __raise.o(.text) refers to defsig.o(CL$$defsig) for __default_signal_handler
    defsig_general.o(.text) refers to sys_wrch.o(.text) for _ttywrch
    sys_wrch.o(.text) refers (Special) to use_no_semi.o(.text) for __I$use$semihosting
    sys_wrch.o(.text) refers (Special) to indicate_semi.o(.text) for __semihosting_library_function
    sys_wrch_hlt.o(.text) refers (Special) to use_no_semi.o(.text) for __I$use$semihosting
    sys_wrch_hlt.o(.text) refers (Special) to indicate_semi.o(.text) for __semihosting_library_function
    defsig.o(CL$$defsig) refers to defsig_rtmem_inner.o(.text) for __rt_SIGRTMEM_inner
    defsig_abrt_inner.o(.text) refers to defsig_general.o(.text) for __default_signal_display
    defsig_fpe_inner.o(.text) refers to defsig_general.o(.text) for __default_signal_display
    defsig_rtred_inner.o(.text) refers to defsig_general.o(.text) for __default_signal_display
    defsig_stak_inner.o(.text) refers to defsig_general.o(.text) for __default_signal_display
    defsig_pvfn_inner.o(.text) refers to defsig_general.o(.text) for __default_signal_display
    defsig_cppl_inner.o(.text) refers to defsig_general.o(.text) for __default_signal_display
    defsig_segv_inner.o(.text) refers to defsig_general.o(.text) for __default_signal_display
    defsig_other.o(.text) refers to defsig_general.o(.text) for __default_signal_display


==============================================================================

Removing Unused input sections from the image.

    Removing i2c.o(.text), (0 bytes).
    Removing i2c.o(.ARM.exidx.text.i2c1_init), (8 bytes).
    Removing i2c.o(.text.I2C1_byteRead), (380 bytes).
    Removing i2c.o(.ARM.exidx.text.I2C1_byteRead), (8 bytes).
    Removing i2c.o(.text.I2C1_burstRead), (476 bytes).
    Removing i2c.o(.ARM.exidx.text.I2C1_burstRead), (8 bytes).
    Removing i2c.o(.ARM.exidx.text.I2C1_burstWrite), (8 bytes).
    Removing i2c.o(.ARM.exidx.text.i2c2_init), (8 bytes).
    Removing i2c.o(.ARM.exidx.text.I2C2_byteRead), (8 bytes).
    Removing i2c.o(.ARM.exidx.text.I2C2_burstRead), (8 bytes).
    Removing i2c.o(.ARM.exidx.text.I2C2_burstWrite), (8 bytes).
    Removing main.o(.text), (0 bytes).
    Removing main.o(.ARM.exidx.text.main), (8 bytes).
    Removing main.o(.ARM.use_no_argv), (4 bytes).
    Removing ssd1306.o(.text), (0 bytes).
    Removing ssd1306.o(.ARM.exidx.text.writeByte), (8 bytes).
    Removing ssd1306.o(.ARM.exidx.text.ssd1306_init), (8 bytes).
    Removing ssd1306.o(.ARM.exidx.text.DisplayCls), (8 bytes).
    Removing ssd1306.o(.ARM.exidx.text.RefreshRAM), (8 bytes).
    Removing ssd1306.o(.ARM.exidx.text.SetColStart), (8 bytes).
    Removing ssd1306.o(.text.DrawPoint), (160 bytes).
    Removing ssd1306.o(.ARM.exidx.text.DrawPoint), (8 bytes).
    Removing ssd1306.o(.ARM.exidx.text.DrawPointNew), (8 bytes).
    Removing ssd1306.o(.text.DisplayChar), (442 bytes).
    Removing ssd1306.o(.ARM.exidx.text.DisplayChar), (8 bytes).
    Removing ssd1306.o(.text.DispTxt), (124 bytes).
    Removing ssd1306.o(.ARM.exidx.text.DispTxt), (8 bytes).
    Removing ssd1306.o(.text.DrawBmp), (182 bytes).
    Removing ssd1306.o(.ARM.exidx.text.DrawBmp), (8 bytes).
    Removing ssd1306.o(.ARM.exidx.text.drawAH), (8 bytes).
    Removing ssd1306.o(.ARM.exidx.text.drawScreen), (8 bytes).
    Removing ssd1306.o(.ARM.exidx.text.bCoefficientCalculator), (8 bytes).
    Removing ssd1306.o(.ARM.exidx.text.PX180DEGCoefficientCalculator), (8 bytes).
    Removing ssd1306.o(.ARM.exidx.text.drawCenter), (8 bytes).
    Removing ssd1306.o(.rodata.font), (480 bytes).
    Removing systick.o(.text), (0 bytes).
    Removing systick.o(.ARM.exidx.text.systickDelaysMs), (8 bytes).
    Removing font.o(.text), (0 bytes).
    Removing bmp.o(.text), (0 bytes).
    Removing mpu6050.o(.text), (0 bytes).
    Removing mpu6050.o(.ARM.exidx.text.mpu_read_address), (8 bytes).
    Removing mpu6050.o(.ARM.exidx.text.mpu_write), (8 bytes).
    Removing mpu6050.o(.ARM.exidx.text.mpu_read_values), (8 bytes).
    Removing mpu6050.o(.ARM.exidx.text.mpu_init), (8 bytes).
    Removing system_stm32f10x.o(.text), (0 bytes).
    Removing system_stm32f10x.o(.ARM.exidx.text.SystemInit), (8 bytes).
    Removing system_stm32f10x.o(.ARM.exidx.text.SetSysClock), (8 bytes).
    Removing system_stm32f10x.o(.text.SystemCoreClockUpdate), (290 bytes).
    Removing system_stm32f10x.o(.ARM.exidx.text.SystemCoreClockUpdate), (8 bytes).
    Removing system_stm32f10x.o(.ARM.exidx.text.SetSysClockTo72), (8 bytes).
    Removing system_stm32f10x.o(.data.SystemCoreClock), (4 bytes).
    Removing system_stm32f10x.o(.rodata.AHBPrescTable), (16 bytes).

52 unused section(s) (total 2822 bytes) removed from the image.

==============================================================================

Image Symbol Table

    Local Symbols

    Symbol Name                              Value     Ov Type        Size  Object(Section)

    ../clib/angel/boardlib.s                 0x00000000   Number         0  boardinit1.o ABSOLUTE
    ../clib/angel/boardlib.s                 0x00000000   Number         0  boardinit2.o ABSOLUTE
    ../clib/angel/boardlib.s                 0x00000000   Number         0  boardinit3.o ABSOLUTE
    ../clib/angel/boardlib.s                 0x00000000   Number         0  boardshut.o ABSOLUTE
    ../clib/angel/handlers.s                 0x00000000   Number         0  __scatter_zi.o ABSOLUTE
    ../clib/angel/kernel.s                   0x00000000   Number         0  __rtentry.o ABSOLUTE
    ../clib/angel/kernel.s                   0x00000000   Number         0  __rtentry2.o ABSOLUTE
    ../clib/angel/kernel.s                   0x00000000   Number         0  __rtentry4.o ABSOLUTE
    ../clib/angel/kernel.s                   0x00000000   Number         0  rtexit.o ABSOLUTE
    ../clib/angel/kernel.s                   0x00000000   Number         0  rtexit2.o ABSOLUTE
    ../clib/angel/rt.s                       0x00000000   Number         0  rt_errno_addr.o ABSOLUTE
    ../clib/angel/rt.s                       0x00000000   Number         0  rt_errno_addr_intlibspace.o ABSOLUTE
    ../clib/angel/rt.s                       0x00000000   Number         0  rt_raise.o ABSOLUTE
    ../clib/angel/scatter.s                  0x00000000   Number         0  __scatter.o ABSOLUTE
    ../clib/angel/startup.s                  0x00000000   Number         0  __main.o ABSOLUTE
    ../clib/angel/sys.s                      0x00000000   Number         0  libspace.o ABSOLUTE
    ../clib/angel/sys.s                      0x00000000   Number         0  sys_stackheap_outer.o ABSOLUTE
    ../clib/angel/sys.s                      0x00000000   Number         0  use_no_semi.o ABSOLUTE
    ../clib/angel/sys.s                      0x00000000   Number         0  indicate_semi.o ABSOLUTE
    ../clib/angel/sysapp.c                   0x00000000   Number         0  sys_exit.o ABSOLUTE
    ../clib/angel/sysapp.c                   0x00000000   Number         0  sys_exit_hlt.o ABSOLUTE
    ../clib/angel/sysapp.c                   0x00000000   Number         0  sys_command.o ABSOLUTE
    ../clib/angel/sysapp.c                   0x00000000   Number         0  sys_command_hlt.o ABSOLUTE
    ../clib/angel/sysapp.c                   0x00000000   Number         0  sys_wrch.o ABSOLUTE
    ../clib/angel/sysapp.c                   0x00000000   Number         0  sys_wrch_hlt.o ABSOLUTE
    ../clib/armsys.c                         0x00000000   Number         0  argv_veneer.o ABSOLUTE
    ../clib/armsys.c                         0x00000000   Number         0  argv_veneer.o ABSOLUTE
    ../clib/armsys.c                         0x00000000   Number         0  _get_argv_nomalloc.o ABSOLUTE
    ../clib/armsys.c                         0x00000000   Number         0  no_argv.o ABSOLUTE
    ../clib/fenv.c                           0x00000000   Number         0  _rserrno.o ABSOLUTE
    ../clib/heapalloc.c                      0x00000000   Number         0  hrguard.o ABSOLUTE
    ../clib/heapaux.c                        0x00000000   Number         0  heapauxi.o ABSOLUTE
    ../clib/libinit.s                        0x00000000   Number         0  libinit.o ABSOLUTE
    ../clib/libinit.s                        0x00000000   Number         0  libinit2.o ABSOLUTE
    ../clib/libinit.s                        0x00000000   Number         0  libshutdown.o ABSOLUTE
    ../clib/libinit.s                        0x00000000   Number         0  libshutdown2.o ABSOLUTE
    ../clib/signal.c                         0x00000000   Number         0  defsig_rtmem_outer.o ABSOLUTE
    ../clib/signal.c                         0x00000000   Number         0  defsig_rtmem_formal.o ABSOLUTE
    ../clib/signal.c                         0x00000000   Number         0  defsig_exit.o ABSOLUTE
    ../clib/signal.c                         0x00000000   Number         0  defsig_rtmem_inner.o ABSOLUTE
    ../clib/signal.c                         0x00000000   Number         0  __raise.o ABSOLUTE
    ../clib/signal.c                         0x00000000   Number         0  defsig_general.o ABSOLUTE
    ../clib/signal.c                         0x00000000   Number         0  defsig_abrt_inner.o ABSOLUTE
    ../clib/signal.c                         0x00000000   Number         0  defsig_fpe_inner.o ABSOLUTE
    ../clib/signal.c                         0x00000000   Number         0  defsig_rtred_inner.o ABSOLUTE
    ../clib/signal.c                         0x00000000   Number         0  defsig_stak_inner.o ABSOLUTE
    ../clib/signal.c                         0x00000000   Number         0  defsig_pvfn_inner.o ABSOLUTE
    ../clib/signal.c                         0x00000000   Number         0  defsig_cppl_inner.o ABSOLUTE
    ../clib/signal.c                         0x00000000   Number         0  defsig_segv_inner.o ABSOLUTE
    ../clib/signal.c                         0x00000000   Number         0  defsig_other.o ABSOLUTE
    ../clib/signal.s                         0x00000000   Number         0  defsig.o ABSOLUTE
    ../clib/stdlib.c                         0x00000000   Number         0  exit.o ABSOLUTE
    ../fplib/d2f.s                           0x00000000   Number         0  d2f.o ABSOLUTE
    ../fplib/daddsub.s                       0x00000000   Number         0  daddsub_clz.o ABSOLUTE
    ../fplib/dcheck1.s                       0x00000000   Number         0  dcheck1.o ABSOLUTE
    ../fplib/dcmpi.s                         0x00000000   Number         0  dcmpi.o ABSOLUTE
    ../fplib/ddiv.s                          0x00000000   Number         0  ddiv.o ABSOLUTE
    ../fplib/deqf.s                          0x00000000   Number         0  deqf.o ABSOLUTE
    ../fplib/dfix.s                          0x00000000   Number         0  dfix.o ABSOLUTE
    ../fplib/dflt.s                          0x00000000   Number         0  dflt_clz.o ABSOLUTE
    ../fplib/dmul.s                          0x00000000   Number         0  dmul.o ABSOLUTE
    ../fplib/dnaninf.s                       0x00000000   Number         0  dnaninf.o ABSOLUTE
    ../fplib/dretinf.s                       0x00000000   Number         0  dretinf.o ABSOLUTE
    ../fplib/dsqrt.s                         0x00000000   Number         0  dsqrt_noumaal.o ABSOLUTE
    ../fplib/f2d.s                           0x00000000   Number         0  f2d.o ABSOLUTE
    ../fplib/faddsub.s                       0x00000000   Number         0  faddsub_clz.o ABSOLUTE
    ../fplib/fcmp.s                          0x00000000   Number         0  fcmp.o ABSOLUTE
    ../fplib/fcmpi.s                         0x00000000   Number         0  fcmpi.o ABSOLUTE
    ../fplib/fdiv.s                          0x00000000   Number         0  fdiv.o ABSOLUTE
    ../fplib/feqf.s                          0x00000000   Number         0  feqf.o ABSOLUTE
    ../fplib/ffix.s                          0x00000000   Number         0  ffix.o ABSOLUTE
    ../fplib/fflt.s                          0x00000000   Number         0  fflt_clz.o ABSOLUTE
    ../fplib/fgeqf.s                         0x00000000   Number         0  fgeqf.o ABSOLUTE
    ../fplib/fleqf.s                         0x00000000   Number         0  fleqf.o ABSOLUTE
    ../fplib/fmul.s                          0x00000000   Number         0  fmul.o ABSOLUTE
    ../fplib/fnaninf.s                       0x00000000   Number         0  fnaninf.o ABSOLUTE
    ../fplib/fpinit.s                        0x00000000   Number         0  fpinit.o ABSOLUTE
    ../fplib/fpinit_empty.s                  0x00000000   Number         0  fpinit_empty.o ABSOLUTE
    ../fplib/fretinf.s                       0x00000000   Number         0  fretinf.o ABSOLUTE
    ../fplib/retnan.s                        0x00000000   Number         0  retnan.o ABSOLUTE
    ../fplib/scalbn.s                        0x00000000   Number         0  scalbn.o ABSOLUTE
    ../fplib/trapv.s                         0x00000000   Number         0  trapv.o ABSOLUTE
    ../fplib/usenofp.s                       0x00000000   Number         0  usenofp.o ABSOLUTE
    ../mathlib/atan.c                        0x00000000   Number         0  atan.o ABSOLUTE
    ../mathlib/atan2.c                       0x00000000   Number         0  atan2.o ABSOLUTE
    ../mathlib/cos.c                         0x00000000   Number         0  cos.o ABSOLUTE
    ../mathlib/cos_i.c                       0x00000000   Number         0  cos_i.o ABSOLUTE
    ../mathlib/dunder.c                      0x00000000   Number         0  dunder.o ABSOLUTE
    ../mathlib/fpclassify.c                  0x00000000   Number         0  fpclassify.o ABSOLUTE
    ../mathlib/poly.c                        0x00000000   Number         0  poly.o ABSOLUTE
    ../mathlib/qnan.c                        0x00000000   Number         0  qnan.o ABSOLUTE
    ../mathlib/rred.c                        0x00000000   Number         0  rred.o ABSOLUTE
    ../mathlib/sin.c                         0x00000000   Number         0  sin.o ABSOLUTE
    ../mathlib/sin_i.c                       0x00000000   Number         0  sin_i.o ABSOLUTE
    ../mathlib/sqrt.c                        0x00000000   Number         0  sqrt.o ABSOLUTE
    ../mathlib/tan.c                         0x00000000   Number         0  tan.o ABSOLUTE
    ../mathlib/tan_i.c                       0x00000000   Number         0  tan_i.o ABSOLUTE
    RTE/Device/STM32F103VC/startup_stm32f10x_hd.s 0x00000000   Number         0  startup_stm32f10x_hd.o ABSOLUTE
    bmp.c                                    0x00000000   Number         0  bmp.o ABSOLUTE
    dc.s                                     0x00000000   Number         0  dc.o ABSOLUTE
    font.c                                   0x00000000   Number         0  font.o ABSOLUTE
    i2c.c                                    0x00000000   Number         0  i2c.o ABSOLUTE
    main.c                                   0x00000000   Number         0  main.o ABSOLUTE
    mpu6050.c                                0x00000000   Number         0  mpu6050.o ABSOLUTE
    ssd1306.c                                0x00000000   Number         0  ssd1306.o ABSOLUTE
    system_stm32f10x.c                       0x00000000   Number         0  system_stm32f10x.o ABSOLUTE
    systick.c                                0x00000000   Number         0  systick.o ABSOLUTE
    RESET                                    0x08000000   Section      304  startup_stm32f10x_hd.o(RESET)
    !!!main                                  0x08000130   Section        8  __main.o(!!!main)
    !!!scatter                               0x08000138   Section       52  __scatter.o(!!!scatter)
    !!handler_zi                             0x0800016c   Section       28  __scatter_zi.o(!!handler_zi)
    .ARM.Collect$$libinit$$00000000          0x08000188   Section        2  libinit.o(.ARM.Collect$$libinit$$00000000)
    .ARM.Collect$$libinit$$00000002          0x0800018a   Section        0  libinit2.o(.ARM.Collect$$libinit$$00000002)
    .ARM.Collect$$libinit$$00000004          0x0800018a   Section        0  libinit2.o(.ARM.Collect$$libinit$$00000004)
    .ARM.Collect$$libinit$$00000006          0x0800018a   Section        0  libinit2.o(.ARM.Collect$$libinit$$00000006)
    .ARM.Collect$$libinit$$0000000C          0x0800018a   Section        0  libinit2.o(.ARM.Collect$$libinit$$0000000C)
    .ARM.Collect$$libinit$$0000000E          0x0800018a   Section        0  libinit2.o(.ARM.Collect$$libinit$$0000000E)
    .ARM.Collect$$libinit$$00000010          0x0800018a   Section        0  libinit2.o(.ARM.Collect$$libinit$$00000010)
    .ARM.Collect$$libinit$$00000013          0x0800018a   Section        0  libinit2.o(.ARM.Collect$$libinit$$00000013)
    .ARM.Collect$$libinit$$00000015          0x0800018a   Section        0  libinit2.o(.ARM.Collect$$libinit$$00000015)
    .ARM.Collect$$libinit$$00000017          0x0800018a   Section        0  libinit2.o(.ARM.Collect$$libinit$$00000017)
    .ARM.Collect$$libinit$$00000019          0x0800018a   Section        0  libinit2.o(.ARM.Collect$$libinit$$00000019)
    .ARM.Collect$$libinit$$0000001B          0x0800018a   Section        0  libinit2.o(.ARM.Collect$$libinit$$0000001B)
    .ARM.Collect$$libinit$$0000001D          0x0800018a   Section        0  libinit2.o(.ARM.Collect$$libinit$$0000001D)
    .ARM.Collect$$libinit$$0000001F          0x0800018a   Section        0  libinit2.o(.ARM.Collect$$libinit$$0000001F)
    .ARM.Collect$$libinit$$00000021          0x0800018a   Section        0  libinit2.o(.ARM.Collect$$libinit$$00000021)
    .ARM.Collect$$libinit$$00000023          0x0800018a   Section        0  libinit2.o(.ARM.Collect$$libinit$$00000023)
    .ARM.Collect$$libinit$$00000025          0x0800018a   Section        0  libinit2.o(.ARM.Collect$$libinit$$00000025)
    .ARM.Collect$$libinit$$00000027          0x0800018a   Section        0  libinit2.o(.ARM.Collect$$libinit$$00000027)
    .ARM.Collect$$libinit$$0000002E          0x0800018a   Section        0  libinit2.o(.ARM.Collect$$libinit$$0000002E)
    .ARM.Collect$$libinit$$00000030          0x0800018a   Section        0  libinit2.o(.ARM.Collect$$libinit$$00000030)
    .ARM.Collect$$libinit$$00000032          0x0800018a   Section        0  libinit2.o(.ARM.Collect$$libinit$$00000032)
    .ARM.Collect$$libinit$$00000034          0x0800018a   Section        0  libinit2.o(.ARM.Collect$$libinit$$00000034)
    .ARM.Collect$$libinit$$00000035          0x0800018a   Section        2  libinit2.o(.ARM.Collect$$libinit$$00000035)
    .ARM.Collect$$libshutdown$$00000000      0x0800018c   Section        2  libshutdown.o(.ARM.Collect$$libshutdown$$00000000)
    .ARM.Collect$$libshutdown$$00000002      0x0800018e   Section        0  libshutdown2.o(.ARM.Collect$$libshutdown$$00000002)
    .ARM.Collect$$libshutdown$$00000004      0x0800018e   Section        0  libshutdown2.o(.ARM.Collect$$libshutdown$$00000004)
    .ARM.Collect$$libshutdown$$00000007      0x0800018e   Section        0  libshutdown2.o(.ARM.Collect$$libshutdown$$00000007)
    .ARM.Collect$$libshutdown$$0000000A      0x0800018e   Section        0  libshutdown2.o(.ARM.Collect$$libshutdown$$0000000A)
    .ARM.Collect$$libshutdown$$0000000C      0x0800018e   Section        0  libshutdown2.o(.ARM.Collect$$libshutdown$$0000000C)
    .ARM.Collect$$libshutdown$$0000000F      0x0800018e   Section        0  libshutdown2.o(.ARM.Collect$$libshutdown$$0000000F)
    .ARM.Collect$$libshutdown$$00000010      0x0800018e   Section        2  libshutdown2.o(.ARM.Collect$$libshutdown$$00000010)
    .ARM.Collect$$rtentry$$00000000          0x08000190   Section        0  __rtentry.o(.ARM.Collect$$rtentry$$00000000)
    .ARM.Collect$$rtentry$$00000002          0x08000190   Section        0  __rtentry2.o(.ARM.Collect$$rtentry$$00000002)
    .ARM.Collect$$rtentry$$00000004          0x08000190   Section        6  __rtentry4.o(.ARM.Collect$$rtentry$$00000004)
    .ARM.Collect$$rtentry$$00000009          0x08000196   Section        0  __rtentry2.o(.ARM.Collect$$rtentry$$00000009)
    .ARM.Collect$$rtentry$$0000000A          0x08000196   Section        4  __rtentry2.o(.ARM.Collect$$rtentry$$0000000A)
    .ARM.Collect$$rtentry$$0000000C          0x0800019a   Section        0  __rtentry2.o(.ARM.Collect$$rtentry$$0000000C)
    .ARM.Collect$$rtentry$$0000000D          0x0800019a   Section        8  __rtentry2.o(.ARM.Collect$$rtentry$$0000000D)
    .ARM.Collect$$rtexit$$00000000           0x080001a2   Section        2  rtexit.o(.ARM.Collect$$rtexit$$00000000)
    .ARM.Collect$$rtexit$$00000002           0x080001a4   Section        0  rtexit2.o(.ARM.Collect$$rtexit$$00000002)
    .ARM.Collect$$rtexit$$00000003           0x080001a4   Section        4  rtexit2.o(.ARM.Collect$$rtexit$$00000003)
    .ARM.Collect$$rtexit$$00000004           0x080001a8   Section        6  rtexit2.o(.ARM.Collect$$rtexit$$00000004)
    .text                                    0x080001b0   Section       64  startup_stm32f10x_hd.o(.text)
    .text                                    0x080001f0   Section        0  heapauxi.o(.text)
    .text                                    0x080001f6   Section        0  _rserrno.o(.text)
    .text                                    0x0800020c   Section        8  rt_errno_addr_intlibspace.o(.text)
    .text                                    0x08000214   Section        8  libspace.o(.text)
    .text                                    0x0800021c   Section       74  sys_stackheap_outer.o(.text)
    .text                                    0x08000266   Section        0  exit.o(.text)
    .text                                    0x08000278   Section        0  sys_exit.o(.text)
    .text                                    0x08000284   Section        2  use_no_semi.o(.text)
    .text                                    0x08000286   Section        0  indicate_semi.o(.text)
    [Anonymous Symbol]                       0x08000288   Section        0  ssd1306.o(.text.DisplayCls)
    [Anonymous Symbol]                       0x080002ec   Section        0  ssd1306.o(.text.DrawPointNew)
    [Anonymous Symbol]                       0x08000398   Section        0  i2c.o(.text.I2C1_burstWrite)
    [Anonymous Symbol]                       0x08000490   Section        0  i2c.o(.text.I2C2_burstRead)
    [Anonymous Symbol]                       0x0800066c   Section        0  i2c.o(.text.I2C2_burstWrite)
    [Anonymous Symbol]                       0x0800078c   Section        0  i2c.o(.text.I2C2_byteRead)
    [Anonymous Symbol]                       0x08000908   Section        0  ssd1306.o(.text.PX180DEGCoefficientCalculator)
    [Anonymous Symbol]                       0x08000cc8   Section        0  ssd1306.o(.text.RefreshRAM)
    [Anonymous Symbol]                       0x08000d40   Section        0  ssd1306.o(.text.SetColStart)
    SetSysClock                              0x08000d5d   Thumb Code     8  system_stm32f10x.o(.text.SetSysClock)
    [Anonymous Symbol]                       0x08000d5c   Section        0  system_stm32f10x.o(.text.SetSysClock)
    SetSysClockTo72                          0x08000d65   Thumb Code   290  system_stm32f10x.o(.text.SetSysClockTo72)
    [Anonymous Symbol]                       0x08000d64   Section        0  system_stm32f10x.o(.text.SetSysClockTo72)
    [Anonymous Symbol]                       0x08000e88   Section        0  system_stm32f10x.o(.text.SystemInit)
    [Anonymous Symbol]                       0x08000ef0   Section        0  ssd1306.o(.text.bCoefficientCalculator)
    [Anonymous Symbol]                       0x08001504   Section        0  ssd1306.o(.text.drawAH)
    [Anonymous Symbol]                       0x08001584   Section        0  ssd1306.o(.text.drawCenter)
    [Anonymous Symbol]                       0x08001628   Section        0  ssd1306.o(.text.drawScreen)
    [Anonymous Symbol]                       0x08002f54   Section        0  i2c.o(.text.i2c1_init)
    [Anonymous Symbol]                       0x0800305c   Section        0  i2c.o(.text.i2c2_init)
    [Anonymous Symbol]                       0x08003164   Section        0  main.o(.text.main)
    [Anonymous Symbol]                       0x080032e4   Section        0  mpu6050.o(.text.mpu_init)
    [Anonymous Symbol]                       0x08003324   Section        0  mpu6050.o(.text.mpu_read_address)
    [Anonymous Symbol]                       0x08003344   Section        0  mpu6050.o(.text.mpu_read_values)
    [Anonymous Symbol]                       0x08003364   Section        0  mpu6050.o(.text.mpu_write)
    [Anonymous Symbol]                       0x08003384   Section        0  ssd1306.o(.text.ssd1306_init)
    [Anonymous Symbol]                       0x080034c0   Section        0  systick.o(.text.systickDelaysMs)
    [Anonymous Symbol]                       0x08003538   Section        0  ssd1306.o(.text.writeByte)
    i.__ARM_fpclassify                       0x08003588   Section        0  fpclassify.o(i.__ARM_fpclassify)
    i.__ieee754_rem_pio2                     0x080035b0   Section        0  rred.o(i.__ieee754_rem_pio2)
    i.__kernel_cos                           0x08003938   Section        0  cos_i.o(i.__kernel_cos)
    i.__kernel_poly                          0x08003a34   Section        0  poly.o(i.__kernel_poly)
    i.__kernel_sin                           0x08003ae0   Section        0  sin_i.o(i.__kernel_sin)
    i.__kernel_tan                           0x08003bcc   Section        0  tan_i.o(i.__kernel_tan)
    i.__mathlib_dbl_infnan                   0x08003e48   Section        0  dunder.o(i.__mathlib_dbl_infnan)
    i.__mathlib_dbl_infnan2                  0x08003e4e   Section        0  dunder.o(i.__mathlib_dbl_infnan2)
    i.__mathlib_dbl_invalid                  0x08003e52   Section        0  dunder.o(i.__mathlib_dbl_invalid)
    i.__mathlib_dbl_underflow                0x08003e60   Section        0  dunder.o(i.__mathlib_dbl_underflow)
    i.atan                                   0x08003e70   Section        0  atan.o(i.atan)
    i.atan2                                  0x08004090   Section        0  atan2.o(i.atan2)
    i.cos                                    0x0800422c   Section        0  cos.o(i.cos)
    i.sin                                    0x080042c8   Section        0  sin.o(i.sin)
    i.sqrt                                   0x08004368   Section        0  sqrt.o(i.sqrt)
    i.tan                                    0x080043b4   Section        0  tan.o(i.tan)
    x$fpl$d2f                                0x08004418   Section       98  d2f.o(x$fpl$d2f)
    x$fpl$dadd                               0x0800447c   Section      336  daddsub_clz.o(x$fpl$dadd)
    _dadd1                                   0x0800448d   Thumb Code     0  daddsub_clz.o(x$fpl$dadd)
    x$fpl$dcheck1                            0x080045cc   Section       16  dcheck1.o(x$fpl$dcheck1)
    x$fpl$dcmpinf                            0x080045dc   Section       24  dcmpi.o(x$fpl$dcmpinf)
    x$fpl$ddiv                               0x080045f4   Section      692  ddiv.o(x$fpl$ddiv)
    ddiv_entry                               0x080045fb   Thumb Code     0  ddiv.o(x$fpl$ddiv)
    x$fpl$deqf                               0x080048a8   Section      120  deqf.o(x$fpl$deqf)
    x$fpl$dfix                               0x08004920   Section       94  dfix.o(x$fpl$dfix)
    x$fpl$dflt                               0x0800497e   Section       46  dflt_clz.o(x$fpl$dflt)
    x$fpl$dfltu                              0x080049ac   Section       38  dflt_clz.o(x$fpl$dfltu)
    x$fpl$dmul                               0x080049d4   Section      340  dmul.o(x$fpl$dmul)
    x$fpl$dnaninf                            0x08004b28   Section      156  dnaninf.o(x$fpl$dnaninf)
    x$fpl$dretinf                            0x08004bc4   Section       12  dretinf.o(x$fpl$dretinf)
    x$fpl$drsb                               0x08004bd0   Section       22  daddsub_clz.o(x$fpl$drsb)
    x$fpl$dsqrt                              0x08004be8   Section      460  dsqrt_noumaal.o(x$fpl$dsqrt)
    x$fpl$dsub                               0x08004db4   Section      476  daddsub_clz.o(x$fpl$dsub)
    _dsub1                                   0x08004dc5   Thumb Code     0  daddsub_clz.o(x$fpl$dsub)
    x$fpl$f2d                                0x08004f90   Section       86  f2d.o(x$fpl$f2d)
    x$fpl$fadd                               0x08004fe8   Section      196  faddsub_clz.o(x$fpl$fadd)
    _fadd1                                   0x08004ff7   Thumb Code     0  faddsub_clz.o(x$fpl$fadd)
    x$fpl$fcmp                               0x080050ac   Section       84  fcmp.o(x$fpl$fcmp)
    x$fpl$fcmpinf                            0x08005100   Section       24  fcmpi.o(x$fpl$fcmpinf)
    _fdiv1                                   0x08005119   Thumb Code     0  fdiv.o(x$fpl$fdiv)
    x$fpl$fdiv                               0x08005118   Section      388  fdiv.o(x$fpl$fdiv)
    x$fpl$feqf                               0x0800529c   Section      104  feqf.o(x$fpl$feqf)
    x$fpl$ffix                               0x08005304   Section       54  ffix.o(x$fpl$ffix)
    x$fpl$fflt                               0x0800533c   Section       48  fflt_clz.o(x$fpl$fflt)
    x$fpl$fgeqf                              0x0800536c   Section      104  fgeqf.o(x$fpl$fgeqf)
    x$fpl$fleqf                              0x080053d4   Section      104  fleqf.o(x$fpl$fleqf)
    x$fpl$fmul                               0x0800543c   Section      258  fmul.o(x$fpl$fmul)
    x$fpl$fnaninf                            0x0800553e   Section      140  fnaninf.o(x$fpl$fnaninf)
    x$fpl$fretinf                            0x080055ca   Section       10  fretinf.o(x$fpl$fretinf)
    x$fpl$fsub                               0x080055d4   Section      234  faddsub_clz.o(x$fpl$fsub)
    _fsub1                                   0x080055e3   Thumb Code     0  faddsub_clz.o(x$fpl$fsub)
    x$fpl$retnan                             0x080056be   Section      100  retnan.o(x$fpl$retnan)
    x$fpl$scalbn                             0x08005722   Section       92  scalbn.o(x$fpl$scalbn)
    x$fpl$trapveneer                         0x0800577e   Section       48  trapv.o(x$fpl$trapveneer)
    x$fpl$usenofp                            0x080057ae   Section        0  usenofp.o(x$fpl$usenofp)
    atanhi                                   0x080057b0   Data          32  atan.o(.constdata)
    .constdata                               0x080057b0   Section      152  atan.o(.constdata)
    atanlo                                   0x080057d0   Data          32  atan.o(.constdata)
    aTodd                                    0x080057f0   Data          40  atan.o(.constdata)
    aTeven                                   0x08005818   Data          48  atan.o(.constdata)
    C                                        0x08005848   Data          48  cos_i.o(.constdata)
    .constdata                               0x08005848   Section       48  cos_i.o(.constdata)
    .constdata                               0x08005878   Section        8  qnan.o(.constdata)
    pio2s                                    0x08005880   Data          48  rred.o(.constdata)
    .constdata                               0x08005880   Section      204  rred.o(.constdata)
    twooverpi                                0x080058b0   Data         156  rred.o(.constdata)
    S                                        0x08005950   Data          40  sin_i.o(.constdata)
    .constdata                               0x08005950   Section       40  sin_i.o(.constdata)
    Todd                                     0x08005978   Data          48  tan_i.o(.constdata)
    .constdata                               0x08005978   Section       96  tan_i.o(.constdata)
    Teven                                    0x080059a8   Data          48  tan_i.o(.constdata)
    .bss                                     0x20000000   Section       96  libspace.o(.bss)
    DispBuff                                 0x20000060   Data        1024  ssd1306.o(.bss.DispBuff)
    [Anonymous Symbol]                       0x20000060   Section        0  ssd1306.o(.bss.DispBuff)
    acc_x                                    0x20000460   Data           4  main.o(.bss.acc_x)
    [Anonymous Symbol]                       0x20000460   Section        0  main.o(.bss.acc_x)
    acc_y                                    0x20000464   Data           4  main.o(.bss.acc_y)
    [Anonymous Symbol]                       0x20000464   Section        0  main.o(.bss.acc_y)
    acc_z                                    0x20000468   Data           4  main.o(.bss.acc_z)
    [Anonymous Symbol]                       0x20000468   Section        0  main.o(.bss.acc_z)
    ax                                       0x2000046c   Data           2  main.o(.bss.ax)
    [Anonymous Symbol]                       0x2000046c   Section        0  main.o(.bss.ax)
    ay                                       0x2000046e   Data           2  main.o(.bss.ay)
    [Anonymous Symbol]                       0x2000046e   Section        0  main.o(.bss.ay)
    az                                       0x20000470   Data           2  main.o(.bss.az)
    [Anonymous Symbol]                       0x20000470   Section        0  main.o(.bss.az)
    pitch                                    0x20000474   Data           2  main.o(.bss.pitch)
    [Anonymous Symbol]                       0x20000474   Section        0  main.o(.bss.pitch)
    roll                                     0x20000476   Data           2  main.o(.bss.roll)
    [Anonymous Symbol]                       0x20000476   Section        0  main.o(.bss.roll)
    Heap_Mem                                 0x20000488   Data         512  startup_stm32f10x_hd.o(HEAP)
    HEAP                                     0x20000488   Section      512  startup_stm32f10x_hd.o(HEAP)
    Stack_Mem                                0x20000688   Data        1024  startup_stm32f10x_hd.o(STACK)
    STACK                                    0x20000688   Section     1024  startup_stm32f10x_hd.o(STACK)
    __initial_sp                             0x20000a88   Data           0  startup_stm32f10x_hd.o(STACK)

    Global Symbols

    Symbol Name                              Value     Ov Type        Size  Object(Section)

    BuildAttributes$$THM_ISAv4$P$D$K$B$S$PE$A:L22UL41UL21$X:L11$S22US41US21$IEEE1$IW$~IW$USESV6$~STKCKD$USESV7$~SHL$OTIME$ROPI$IEEEX$EBA8$UX$STANDARDLIB$REQ8$PRES8$EABIv2 0x00000000   Number         0  anon$$obj.o ABSOLUTE
    __fp_init_empty                          0x00000000   Number         0  fpinit_empty.o ABSOLUTE
    __ARM_exceptions_init                     - Undefined Weak Reference
    __alloca_initialize                       - Undefined Weak Reference
    __arm_preinit_                            - Undefined Weak Reference
    __arm_relocate_pie_                       - Undefined Weak Reference
    __cpp_initialize__aeabi_                  - Undefined Weak Reference
    __cxa_finalize                            - Undefined Weak Reference
    __rt_locale                               - Undefined Weak Reference
    __sigvec_lookup                           - Undefined Weak Reference
    _atexit_init                              - Undefined Weak Reference
    _call_atexit_fns                          - Undefined Weak Reference
    _clock_init                               - Undefined Weak Reference
    _fp_trap_init                             - Undefined Weak Reference
    _fp_trap_shutdown                         - Undefined Weak Reference
    _get_lc_collate                           - Undefined Weak Reference
    _get_lc_ctype                             - Undefined Weak Reference
    _get_lc_monetary                          - Undefined Weak Reference
    _get_lc_numeric                           - Undefined Weak Reference
    _get_lc_time                              - Undefined Weak Reference
    _getenv_init                              - Undefined Weak Reference
    _handle_redirection                       - Undefined Weak Reference
    _init_alloc                               - Undefined Weak Reference
    _init_user_alloc                          - Undefined Weak Reference
    _initio                                   - Undefined Weak Reference
    _rand_init                                - Undefined Weak Reference
    _signal_finish                            - Undefined Weak Reference
    _signal_init                              - Undefined Weak Reference
    _terminate_alloc                          - Undefined Weak Reference
    _terminate_user_alloc                     - Undefined Weak Reference
    _terminateio                              - Undefined Weak Reference
    __Vectors_Size                           0x00000130   Number         0  startup_stm32f10x_hd.o ABSOLUTE
    __Vectors                                0x08000000   Data           4  startup_stm32f10x_hd.o(RESET)
    __Vectors_End                            0x08000130   Data           0  startup_stm32f10x_hd.o(RESET)
    __main                                   0x08000131   Thumb Code     8  __main.o(!!!main)
    __scatterload                            0x08000139   Thumb Code     0  __scatter.o(!!!scatter)
    __scatterload_rt2                        0x08000139   Thumb Code    44  __scatter.o(!!!scatter)
    __scatterload_rt2_thumb_only             0x08000139   Thumb Code     0  __scatter.o(!!!scatter)
    __scatterload_null                       0x08000147   Thumb Code     0  __scatter.o(!!!scatter)
    __scatterload_zeroinit                   0x0800016d   Thumb Code    28  __scatter_zi.o(!!handler_zi)
    __rt_lib_init                            0x08000189   Thumb Code     0  libinit.o(.ARM.Collect$$libinit$$00000000)
    __rt_lib_init_alloca_1                   0x0800018b   Thumb Code     0  libinit2.o(.ARM.Collect$$libinit$$00000030)
    __rt_lib_init_argv_1                     0x0800018b   Thumb Code     0  libinit2.o(.ARM.Collect$$libinit$$0000002E)
    __rt_lib_init_atexit_1                   0x0800018b   Thumb Code     0  libinit2.o(.ARM.Collect$$libinit$$0000001D)
    __rt_lib_init_clock_1                    0x0800018b   Thumb Code     0  libinit2.o(.ARM.Collect$$libinit$$00000023)
    __rt_lib_init_cpp_1                      0x0800018b   Thumb Code     0  libinit2.o(.ARM.Collect$$libinit$$00000034)
    __rt_lib_init_exceptions_1               0x0800018b   Thumb Code     0  libinit2.o(.ARM.Collect$$libinit$$00000032)
    __rt_lib_init_fp_1                       0x0800018b   Thumb Code     0  libinit2.o(.ARM.Collect$$libinit$$00000002)
    __rt_lib_init_fp_trap_1                  0x0800018b   Thumb Code     0  libinit2.o(.ARM.Collect$$libinit$$00000021)
    __rt_lib_init_getenv_1                   0x0800018b   Thumb Code     0  libinit2.o(.ARM.Collect$$libinit$$00000025)
    __rt_lib_init_heap_1                     0x0800018b   Thumb Code     0  libinit2.o(.ARM.Collect$$libinit$$0000000C)
    __rt_lib_init_lc_collate_1               0x0800018b   Thumb Code     0  libinit2.o(.ARM.Collect$$libinit$$00000013)
    __rt_lib_init_lc_ctype_1                 0x0800018b   Thumb Code     0  libinit2.o(.ARM.Collect$$libinit$$00000015)
    __rt_lib_init_lc_monetary_1              0x0800018b   Thumb Code     0  libinit2.o(.ARM.Collect$$libinit$$00000017)
    __rt_lib_init_lc_numeric_1               0x0800018b   Thumb Code     0  libinit2.o(.ARM.Collect$$libinit$$00000019)
    __rt_lib_init_lc_time_1                  0x0800018b   Thumb Code     0  libinit2.o(.ARM.Collect$$libinit$$0000001B)
    __rt_lib_init_preinit_1                  0x0800018b   Thumb Code     0  libinit2.o(.ARM.Collect$$libinit$$00000006)
    __rt_lib_init_rand_1                     0x0800018b   Thumb Code     0  libinit2.o(.ARM.Collect$$libinit$$00000010)
    __rt_lib_init_relocate_pie_1             0x0800018b   Thumb Code     0  libinit2.o(.ARM.Collect$$libinit$$00000004)
    __rt_lib_init_return                     0x0800018b   Thumb Code     0  libinit2.o(.ARM.Collect$$libinit$$00000035)
    __rt_lib_init_signal_1                   0x0800018b   Thumb Code     0  libinit2.o(.ARM.Collect$$libinit$$0000001F)
    __rt_lib_init_stdio_1                    0x0800018b   Thumb Code     0  libinit2.o(.ARM.Collect$$libinit$$00000027)
    __rt_lib_init_user_alloc_1               0x0800018b   Thumb Code     0  libinit2.o(.ARM.Collect$$libinit$$0000000E)
    __rt_lib_shutdown                        0x0800018d   Thumb Code     0  libshutdown.o(.ARM.Collect$$libshutdown$$00000000)
    __rt_lib_shutdown_cpp_1                  0x0800018f   Thumb Code     0  libshutdown2.o(.ARM.Collect$$libshutdown$$00000002)
    __rt_lib_shutdown_fp_trap_1              0x0800018f   Thumb Code     0  libshutdown2.o(.ARM.Collect$$libshutdown$$00000007)
    __rt_lib_shutdown_heap_1                 0x0800018f   Thumb Code     0  libshutdown2.o(.ARM.Collect$$libshutdown$$0000000F)
    __rt_lib_shutdown_return                 0x0800018f   Thumb Code     0  libshutdown2.o(.ARM.Collect$$libshutdown$$00000010)
    __rt_lib_shutdown_signal_1               0x0800018f   Thumb Code     0  libshutdown2.o(.ARM.Collect$$libshutdown$$0000000A)
    __rt_lib_shutdown_stdio_1                0x0800018f   Thumb Code     0  libshutdown2.o(.ARM.Collect$$libshutdown$$00000004)
    __rt_lib_shutdown_user_alloc_1           0x0800018f   Thumb Code     0  libshutdown2.o(.ARM.Collect$$libshutdown$$0000000C)
    __rt_entry                               0x08000191   Thumb Code     0  __rtentry.o(.ARM.Collect$$rtentry$$00000000)
    __rt_entry_presh_1                       0x08000191   Thumb Code     0  __rtentry2.o(.ARM.Collect$$rtentry$$00000002)
    __rt_entry_sh                            0x08000191   Thumb Code     0  __rtentry4.o(.ARM.Collect$$rtentry$$00000004)
    __rt_entry_li                            0x08000197   Thumb Code     0  __rtentry2.o(.ARM.Collect$$rtentry$$0000000A)
    __rt_entry_postsh_1                      0x08000197   Thumb Code     0  __rtentry2.o(.ARM.Collect$$rtentry$$00000009)
    __rt_entry_main                          0x0800019b   Thumb Code     0  __rtentry2.o(.ARM.Collect$$rtentry$$0000000D)
    __rt_entry_postli_1                      0x0800019b   Thumb Code     0  __rtentry2.o(.ARM.Collect$$rtentry$$0000000C)
    __rt_exit                                0x080001a3   Thumb Code     0  rtexit.o(.ARM.Collect$$rtexit$$00000000)
    __rt_exit_ls                             0x080001a5   Thumb Code     0  rtexit2.o(.ARM.Collect$$rtexit$$00000003)
    __rt_exit_prels_1                        0x080001a5   Thumb Code     0  rtexit2.o(.ARM.Collect$$rtexit$$00000002)
    __rt_exit_exit                           0x080001a9   Thumb Code     0  rtexit2.o(.ARM.Collect$$rtexit$$00000004)
    Reset_Handler                            0x080001b1   Thumb Code     8  startup_stm32f10x_hd.o(.text)
    NMI_Handler                              0x080001b9   Thumb Code     2  startup_stm32f10x_hd.o(.text)
    HardFault_Handler                        0x080001bb   Thumb Code     2  startup_stm32f10x_hd.o(.text)
    MemManage_Handler                        0x080001bd   Thumb Code     2  startup_stm32f10x_hd.o(.text)
    BusFault_Handler                         0x080001bf   Thumb Code     2  startup_stm32f10x_hd.o(.text)
    UsageFault_Handler                       0x080001c1   Thumb Code     2  startup_stm32f10x_hd.o(.text)
    SVC_Handler                              0x080001c3   Thumb Code     2  startup_stm32f10x_hd.o(.text)
    DebugMon_Handler                         0x080001c5   Thumb Code     2  startup_stm32f10x_hd.o(.text)
    PendSV_Handler                           0x080001c7   Thumb Code     2  startup_stm32f10x_hd.o(.text)
    SysTick_Handler                          0x080001c9   Thumb Code     2  startup_stm32f10x_hd.o(.text)
    ADC1_2_IRQHandler                        0x080001cb   Thumb Code     0  startup_stm32f10x_hd.o(.text)
    ADC3_IRQHandler                          0x080001cb   Thumb Code     0  startup_stm32f10x_hd.o(.text)
    CAN1_RX1_IRQHandler                      0x080001cb   Thumb Code     0  startup_stm32f10x_hd.o(.text)
    CAN1_SCE_IRQHandler                      0x080001cb   Thumb Code     0  startup_stm32f10x_hd.o(.text)
    DMA1_Channel1_IRQHandler                 0x080001cb   Thumb Code     0  startup_stm32f10x_hd.o(.text)
    DMA1_Channel2_IRQHandler                 0x080001cb   Thumb Code     0  startup_stm32f10x_hd.o(.text)
    DMA1_Channel3_IRQHandler                 0x080001cb   Thumb Code     0  startup_stm32f10x_hd.o(.text)
    DMA1_Channel4_IRQHandler                 0x080001cb   Thumb Code     0  startup_stm32f10x_hd.o(.text)
    DMA1_Channel5_IRQHandler                 0x080001cb   Thumb Code     0  startup_stm32f10x_hd.o(.text)
    DMA1_Channel6_IRQHandler                 0x080001cb   Thumb Code     0  startup_stm32f10x_hd.o(.text)
    DMA1_Channel7_IRQHandler                 0x080001cb   Thumb Code     0  startup_stm32f10x_hd.o(.text)
    DMA2_Channel1_IRQHandler                 0x080001cb   Thumb Code     0  startup_stm32f10x_hd.o(.text)
    DMA2_Channel2_IRQHandler                 0x080001cb   Thumb Code     0  startup_stm32f10x_hd.o(.text)
    DMA2_Channel3_IRQHandler                 0x080001cb   Thumb Code     0  startup_stm32f10x_hd.o(.text)
    DMA2_Channel4_5_IRQHandler               0x080001cb   Thumb Code     0  startup_stm32f10x_hd.o(.text)
    EXTI0_IRQHandler                         0x080001cb   Thumb Code     0  startup_stm32f10x_hd.o(.text)
    EXTI15_10_IRQHandler                     0x080001cb   Thumb Code     0  startup_stm32f10x_hd.o(.text)
    EXTI1_IRQHandler                         0x080001cb   Thumb Code     0  startup_stm32f10x_hd.o(.text)
    EXTI2_IRQHandler                         0x080001cb   Thumb Code     0  startup_stm32f10x_hd.o(.text)
    EXTI3_IRQHandler                         0x080001cb   Thumb Code     0  startup_stm32f10x_hd.o(.text)
    EXTI4_IRQHandler                         0x080001cb   Thumb Code     0  startup_stm32f10x_hd.o(.text)
    EXTI9_5_IRQHandler                       0x080001cb   Thumb Code     0  startup_stm32f10x_hd.o(.text)
    FLASH_IRQHandler                         0x080001cb   Thumb Code     0  startup_stm32f10x_hd.o(.text)
    FSMC_IRQHandler                          0x080001cb   Thumb Code     0  startup_stm32f10x_hd.o(.text)
    I2C1_ER_IRQHandler                       0x080001cb   Thumb Code     0  startup_stm32f10x_hd.o(.text)
    I2C1_EV_IRQHandler                       0x080001cb   Thumb Code     0  startup_stm32f10x_hd.o(.text)
    I2C2_ER_IRQHandler                       0x080001cb   Thumb Code     0  startup_stm32f10x_hd.o(.text)
    I2C2_EV_IRQHandler                       0x080001cb   Thumb Code     0  startup_stm32f10x_hd.o(.text)
    PVD_IRQHandler                           0x080001cb   Thumb Code     0  startup_stm32f10x_hd.o(.text)
    RCC_IRQHandler                           0x080001cb   Thumb Code     0  startup_stm32f10x_hd.o(.text)
    RTCAlarm_IRQHandler                      0x080001cb   Thumb Code     0  startup_stm32f10x_hd.o(.text)
    RTC_IRQHandler                           0x080001cb   Thumb Code     0  startup_stm32f10x_hd.o(.text)
    SDIO_IRQHandler                          0x080001cb   Thumb Code     0  startup_stm32f10x_hd.o(.text)
    SPI1_IRQHandler                          0x080001cb   Thumb Code     0  startup_stm32f10x_hd.o(.text)
    SPI2_IRQHandler                          0x080001cb   Thumb Code     0  startup_stm32f10x_hd.o(.text)
    SPI3_IRQHandler                          0x080001cb   Thumb Code     0  startup_stm32f10x_hd.o(.text)
    TAMPER_IRQHandler                        0x080001cb   Thumb Code     0  startup_stm32f10x_hd.o(.text)
    TIM1_BRK_IRQHandler                      0x080001cb   Thumb Code     0  startup_stm32f10x_hd.o(.text)
    TIM1_CC_IRQHandler                       0x080001cb   Thumb Code     0  startup_stm32f10x_hd.o(.text)
    TIM1_TRG_COM_IRQHandler                  0x080001cb   Thumb Code     0  startup_stm32f10x_hd.o(.text)
    TIM1_UP_IRQHandler                       0x080001cb   Thumb Code     0  startup_stm32f10x_hd.o(.text)
    TIM2_IRQHandler                          0x080001cb   Thumb Code     0  startup_stm32f10x_hd.o(.text)
    TIM3_IRQHandler                          0x080001cb   Thumb Code     0  startup_stm32f10x_hd.o(.text)
    TIM4_IRQHandler                          0x080001cb   Thumb Code     0  startup_stm32f10x_hd.o(.text)
    TIM5_IRQHandler                          0x080001cb   Thumb Code     0  startup_stm32f10x_hd.o(.text)
    TIM6_IRQHandler                          0x080001cb   Thumb Code     0  startup_stm32f10x_hd.o(.text)
    TIM7_IRQHandler                          0x080001cb   Thumb Code     0  startup_stm32f10x_hd.o(.text)
    TIM8_BRK_IRQHandler                      0x080001cb   Thumb Code     0  startup_stm32f10x_hd.o(.text)
    TIM8_CC_IRQHandler                       0x080001cb   Thumb Code     0  startup_stm32f10x_hd.o(.text)
    TIM8_TRG_COM_IRQHandler                  0x080001cb   Thumb Code     0  startup_stm32f10x_hd.o(.text)
    TIM8_UP_IRQHandler                       0x080001cb   Thumb Code     0  startup_stm32f10x_hd.o(.text)
    UART4_IRQHandler                         0x080001cb   Thumb Code     0  startup_stm32f10x_hd.o(.text)
    UART5_IRQHandler                         0x080001cb   Thumb Code     0  startup_stm32f10x_hd.o(.text)
    USART1_IRQHandler                        0x080001cb   Thumb Code     0  startup_stm32f10x_hd.o(.text)
    USART2_IRQHandler                        0x080001cb   Thumb Code     0  startup_stm32f10x_hd.o(.text)
    USART3_IRQHandler                        0x080001cb   Thumb Code     0  startup_stm32f10x_hd.o(.text)
    USBWakeUp_IRQHandler                     0x080001cb   Thumb Code     0  startup_stm32f10x_hd.o(.text)
    USB_HP_CAN1_TX_IRQHandler                0x080001cb   Thumb Code     0  startup_stm32f10x_hd.o(.text)
    USB_LP_CAN1_RX0_IRQHandler               0x080001cb   Thumb Code     0  startup_stm32f10x_hd.o(.text)
    WWDG_IRQHandler                          0x080001cb   Thumb Code     0  startup_stm32f10x_hd.o(.text)
    __user_initial_stackheap                 0x080001cd   Thumb Code     0  startup_stm32f10x_hd.o(.text)
    __use_two_region_memory                  0x080001f1   Thumb Code     2  heapauxi.o(.text)
    __rt_heap_escrow$2region                 0x080001f3   Thumb Code     2  heapauxi.o(.text)
    __rt_heap_expand$2region                 0x080001f5   Thumb Code     2  heapauxi.o(.text)
    __read_errno                             0x080001f7   Thumb Code    10  _rserrno.o(.text)
    __set_errno                              0x08000201   Thumb Code    12  _rserrno.o(.text)
    __aeabi_errno_addr                       0x0800020d   Thumb Code     8  rt_errno_addr_intlibspace.o(.text)
    __errno$intlibspace                      0x0800020d   Thumb Code     0  rt_errno_addr_intlibspace.o(.text)
    __rt_errno_addr$intlibspace              0x0800020d   Thumb Code     0  rt_errno_addr_intlibspace.o(.text)
    __user_libspace                          0x08000215   Thumb Code     8  libspace.o(.text)
    __user_perproc_libspace                  0x08000215   Thumb Code     0  libspace.o(.text)
    __user_perthread_libspace                0x08000215   Thumb Code     0  libspace.o(.text)
    __user_setup_stackheap                   0x0800021d   Thumb Code    74  sys_stackheap_outer.o(.text)
    exit                                     0x08000267   Thumb Code    18  exit.o(.text)
    _sys_exit                                0x08000279   Thumb Code     8  sys_exit.o(.text)
    __I$use$semihosting                      0x08000285   Thumb Code     0  use_no_semi.o(.text)
    __use_no_semihosting_swi                 0x08000285   Thumb Code     2  use_no_semi.o(.text)
    __semihosting_library_function           0x08000287   Thumb Code     0  indicate_semi.o(.text)
    DisplayCls                               0x08000289   Thumb Code   100  ssd1306.o(.text.DisplayCls)
    DrawPointNew                             0x080002ed   Thumb Code   170  ssd1306.o(.text.DrawPointNew)
    I2C1_burstWrite                          0x08000399   Thumb Code   246  i2c.o(.text.I2C1_burstWrite)
    I2C2_burstRead                           0x08000491   Thumb Code   476  i2c.o(.text.I2C2_burstRead)
    I2C2_burstWrite                          0x0800066d   Thumb Code   286  i2c.o(.text.I2C2_burstWrite)
    I2C2_byteRead                            0x0800078d   Thumb Code   380  i2c.o(.text.I2C2_byteRead)
    PX180DEGCoefficientCalculator            0x08000909   Thumb Code   958  ssd1306.o(.text.PX180DEGCoefficientCalculator)
    RefreshRAM                               0x08000cc9   Thumb Code   120  ssd1306.o(.text.RefreshRAM)
    SetColStart                              0x08000d41   Thumb Code    26  ssd1306.o(.text.SetColStart)
    SystemInit                               0x08000e89   Thumb Code   102  system_stm32f10x.o(.text.SystemInit)
    bCoefficientCalculator                   0x08000ef1   Thumb Code  1556  ssd1306.o(.text.bCoefficientCalculator)
    drawAH                                   0x08001505   Thumb Code   126  ssd1306.o(.text.drawAH)
    drawCenter                               0x08001585   Thumb Code   164  ssd1306.o(.text.drawCenter)
    drawScreen                               0x08001629   Thumb Code  6444  ssd1306.o(.text.drawScreen)
    i2c1_init                                0x08002f55   Thumb Code   262  i2c.o(.text.i2c1_init)
    i2c2_init                                0x0800305d   Thumb Code   262  i2c.o(.text.i2c2_init)
    main                                     0x08003165   Thumb Code   384  main.o(.text.main)
    mpu_init                                 0x080032e5   Thumb Code    62  mpu6050.o(.text.mpu_init)
    mpu_read_address                         0x08003325   Thumb Code    30  mpu6050.o(.text.mpu_read_address)
    mpu_read_values                          0x08003345   Thumb Code    32  mpu6050.o(.text.mpu_read_values)
    mpu_write                                0x08003365   Thumb Code    32  mpu6050.o(.text.mpu_write)
    ssd1306_init                             0x08003385   Thumb Code   314  ssd1306.o(.text.ssd1306_init)
    systickDelaysMs                          0x080034c1   Thumb Code   120  systick.o(.text.systickDelaysMs)
    writeByte                                0x08003539   Thumb Code    80  ssd1306.o(.text.writeByte)
    __ARM_fpclassify                         0x08003589   Thumb Code    40  fpclassify.o(i.__ARM_fpclassify)
    __ieee754_rem_pio2                       0x080035b1   Thumb Code   828  rred.o(i.__ieee754_rem_pio2)
    __kernel_cos                             0x08003939   Thumb Code   230  cos_i.o(i.__kernel_cos)
    __kernel_poly                            0x08003a35   Thumb Code   170  poly.o(i.__kernel_poly)
    __kernel_sin                             0x08003ae1   Thumb Code   224  sin_i.o(i.__kernel_sin)
    __kernel_tan                             0x08003bcd   Thumb Code   586  tan_i.o(i.__kernel_tan)
    __mathlib_dbl_infnan                     0x08003e49   Thumb Code     6  dunder.o(i.__mathlib_dbl_infnan)
    __mathlib_dbl_infnan2                    0x08003e4f   Thumb Code     4  dunder.o(i.__mathlib_dbl_infnan2)
    __mathlib_dbl_invalid                    0x08003e53   Thumb Code    12  dunder.o(i.__mathlib_dbl_invalid)
    __mathlib_dbl_underflow                  0x08003e61   Thumb Code    10  dunder.o(i.__mathlib_dbl_underflow)
    atan                                     0x08003e71   Thumb Code   474  atan.o(i.atan)
    atan2                                    0x08004091   Thumb Code   374  atan2.o(i.atan2)
    cos                                      0x0800422d   Thumb Code   148  cos.o(i.cos)
    sin                                      0x080042c9   Thumb Code   150  sin.o(i.sin)
    sqrt                                     0x08004369   Thumb Code    76  sqrt.o(i.sqrt)
    tan                                      0x080043b5   Thumb Code    90  tan.o(i.tan)
    __aeabi_d2f                              0x08004419   Thumb Code     0  d2f.o(x$fpl$d2f)
    _d2f                                     0x08004419   Thumb Code    98  d2f.o(x$fpl$d2f)
    __aeabi_dadd                             0x0800447d   Thumb Code     0  daddsub_clz.o(x$fpl$dadd)
    _dadd                                    0x0800447d   Thumb Code   332  daddsub_clz.o(x$fpl$dadd)
    __fpl_dcheck_NaN1                        0x080045cd   Thumb Code    10  dcheck1.o(x$fpl$dcheck1)
    __fpl_dcmp_Inf                           0x080045dd   Thumb Code    24  dcmpi.o(x$fpl$dcmpinf)
    __aeabi_ddiv                             0x080045f5   Thumb Code     0  ddiv.o(x$fpl$ddiv)
    _ddiv                                    0x080045f5   Thumb Code   556  ddiv.o(x$fpl$ddiv)
    __aeabi_cdcmpeq                          0x080048a9   Thumb Code     0  deqf.o(x$fpl$deqf)
    _dcmpeq                                  0x080048a9   Thumb Code   120  deqf.o(x$fpl$deqf)
    __aeabi_d2iz                             0x08004921   Thumb Code     0  dfix.o(x$fpl$dfix)
    _dfix                                    0x08004921   Thumb Code    94  dfix.o(x$fpl$dfix)
    __aeabi_i2d                              0x0800497f   Thumb Code     0  dflt_clz.o(x$fpl$dflt)
    _dflt                                    0x0800497f   Thumb Code    46  dflt_clz.o(x$fpl$dflt)
    __aeabi_ui2d                             0x080049ad   Thumb Code     0  dflt_clz.o(x$fpl$dfltu)
    _dfltu                                   0x080049ad   Thumb Code    38  dflt_clz.o(x$fpl$dfltu)
    __aeabi_dmul                             0x080049d5   Thumb Code     0  dmul.o(x$fpl$dmul)
    _dmul                                    0x080049d5   Thumb Code   332  dmul.o(x$fpl$dmul)
    __fpl_dnaninf                            0x08004b29   Thumb Code   156  dnaninf.o(x$fpl$dnaninf)
    __fpl_dretinf                            0x08004bc5   Thumb Code    12  dretinf.o(x$fpl$dretinf)
    __aeabi_drsub                            0x08004bd1   Thumb Code     0  daddsub_clz.o(x$fpl$drsb)
    _drsb                                    0x08004bd1   Thumb Code    22  daddsub_clz.o(x$fpl$drsb)
    _dsqrt                                   0x08004be9   Thumb Code   456  dsqrt_noumaal.o(x$fpl$dsqrt)
    __aeabi_dsub                             0x08004db5   Thumb Code     0  daddsub_clz.o(x$fpl$dsub)
    _dsub                                    0x08004db5   Thumb Code   472  daddsub_clz.o(x$fpl$dsub)
    __aeabi_f2d                              0x08004f91   Thumb Code     0  f2d.o(x$fpl$f2d)
    _f2d                                     0x08004f91   Thumb Code    86  f2d.o(x$fpl$f2d)
    __aeabi_fadd                             0x08004fe9   Thumb Code     0  faddsub_clz.o(x$fpl$fadd)
    _fadd                                    0x08004fe9   Thumb Code   196  faddsub_clz.o(x$fpl$fadd)
    __aeabi_fcmpeq                           0x080050ad   Thumb Code     0  fcmp.o(x$fpl$fcmp)
    _feq                                     0x080050ad   Thumb Code    14  fcmp.o(x$fpl$fcmp)
    _fneq                                    0x080050bb   Thumb Code    14  fcmp.o(x$fpl$fcmp)
    __aeabi_fcmpgt                           0x080050c9   Thumb Code     0  fcmp.o(x$fpl$fcmp)
    _fgr                                     0x080050c9   Thumb Code    14  fcmp.o(x$fpl$fcmp)
    __aeabi_fcmpge                           0x080050d7   Thumb Code     0  fcmp.o(x$fpl$fcmp)
    _fgeq                                    0x080050d7   Thumb Code    14  fcmp.o(x$fpl$fcmp)
    __aeabi_fcmple                           0x080050e5   Thumb Code     0  fcmp.o(x$fpl$fcmp)
    _fleq                                    0x080050e5   Thumb Code    14  fcmp.o(x$fpl$fcmp)
    __aeabi_fcmplt                           0x080050f3   Thumb Code     0  fcmp.o(x$fpl$fcmp)
    _fls                                     0x080050f3   Thumb Code    14  fcmp.o(x$fpl$fcmp)
    __fpl_fcmp_Inf                           0x08005101   Thumb Code    24  fcmpi.o(x$fpl$fcmpinf)
    __aeabi_fdiv                             0x08005119   Thumb Code     0  fdiv.o(x$fpl$fdiv)
    _fdiv                                    0x08005119   Thumb Code   384  fdiv.o(x$fpl$fdiv)
    __aeabi_cfcmpeq                          0x0800529d   Thumb Code     0  feqf.o(x$fpl$feqf)
    _fcmpeq                                  0x0800529d   Thumb Code   104  feqf.o(x$fpl$feqf)
    __aeabi_f2iz                             0x08005305   Thumb Code     0  ffix.o(x$fpl$ffix)
    _ffix                                    0x08005305   Thumb Code    54  ffix.o(x$fpl$ffix)
    __aeabi_i2f                              0x0800533d   Thumb Code     0  fflt_clz.o(x$fpl$fflt)
    _fflt                                    0x0800533d   Thumb Code    48  fflt_clz.o(x$fpl$fflt)
    _fcmpge                                  0x0800536d   Thumb Code   104  fgeqf.o(x$fpl$fgeqf)
    __aeabi_cfcmple                          0x080053d5   Thumb Code     0  fleqf.o(x$fpl$fleqf)
    _fcmple                                  0x080053d5   Thumb Code   104  fleqf.o(x$fpl$fleqf)
    __fpl_fcmple_InfNaN                      0x08005427   Thumb Code     0  fleqf.o(x$fpl$fleqf)
    __aeabi_fmul                             0x0800543d   Thumb Code     0  fmul.o(x$fpl$fmul)
    _fmul                                    0x0800543d   Thumb Code   258  fmul.o(x$fpl$fmul)
    __fpl_fnaninf                            0x0800553f   Thumb Code   140  fnaninf.o(x$fpl$fnaninf)
    __fpl_fretinf                            0x080055cb   Thumb Code    10  fretinf.o(x$fpl$fretinf)
    __aeabi_fsub                             0x080055d5   Thumb Code     0  faddsub_clz.o(x$fpl$fsub)
    _fsub                                    0x080055d5   Thumb Code   234  faddsub_clz.o(x$fpl$fsub)
    __fpl_return_NaN                         0x080056bf   Thumb Code   100  retnan.o(x$fpl$retnan)
    __ARM_scalbn                             0x08005723   Thumb Code    92  scalbn.o(x$fpl$scalbn)
    __fpl_cmpreturn                          0x0800577f   Thumb Code    48  trapv.o(x$fpl$trapveneer)
    __I$use$fp                               0x080057ae   Number         0  usenofp.o(x$fpl$usenofp)
    __mathlib_zero                           0x08005878   Data           8  qnan.o(.constdata)
    Region$$Table$$Base                      0x080059d8   Number         0  anon$$obj.o(Region$$Table)
    Region$$Table$$Limit                     0x080059e8   Number         0  anon$$obj.o(Region$$Table)
    __libspace_start                         0x20000000   Data          96  libspace.o(.bss)
    __temporary_stack_top$libspace           0x20000060   Data           0  libspace.o(.bss)
    data                                     0x20000472   Data           1  mpu6050.o(.bss.data)
    sensors_data                             0x20000478   Data          14  mpu6050.o(.bss.sensors_data)



==============================================================================

Memory Map of the image

  Image Entry point : 0x080001b1

  Load Region LR_1 (Base: 0x08000000, Size: 0x000059e8, Max: 0xffffffff, ABSOLUTE)

    Execution Region ER_RO (Exec base: 0x08000000, Load base: 0x08000000, Size: 0x000059e8, Max: 0xffffffff, ABSOLUTE)

    Exec Addr    Load Addr    Size         Type   Attr      Idx    E Section Name        Object

    0x08000000   0x08000000   0x00000130   Data   RO          109    RESET               startup_stm32f10x_hd.o
    0x08000130   0x08000130   0x00000008   Code   RO          137  * !!!main             c_w.l(__main.o)
    0x08000138   0x08000138   0x00000034   Code   RO          448    !!!scatter          c_w.l(__scatter.o)
    0x0800016c   0x0800016c   0x0000001c   Code   RO          450    !!handler_zi        c_w.l(__scatter_zi.o)
    0x08000188   0x08000188   0x00000002   Code   RO          309    .ARM.Collect$$libinit$$00000000  c_w.l(libinit.o)
    0x0800018a   0x0800018a   0x00000000   Code   RO          315    .ARM.Collect$$libinit$$00000002  c_w.l(libinit2.o)
    0x0800018a   0x0800018a   0x00000000   Code   RO          317    .ARM.Collect$$libinit$$00000004  c_w.l(libinit2.o)
    0x0800018a   0x0800018a   0x00000000   Code   RO          319    .ARM.Collect$$libinit$$00000006  c_w.l(libinit2.o)
    0x0800018a   0x0800018a   0x00000000   Code   RO          322    .ARM.Collect$$libinit$$0000000C  c_w.l(libinit2.o)
    0x0800018a   0x0800018a   0x00000000   Code   RO          324    .ARM.Collect$$libinit$$0000000E  c_w.l(libinit2.o)
    0x0800018a   0x0800018a   0x00000000   Code   RO          326    .ARM.Collect$$libinit$$00000010  c_w.l(libinit2.o)
    0x0800018a   0x0800018a   0x00000000   Code   RO          329    .ARM.Collect$$libinit$$00000013  c_w.l(libinit2.o)
    0x0800018a   0x0800018a   0x00000000   Code   RO          331    .ARM.Collect$$libinit$$00000015  c_w.l(libinit2.o)
    0x0800018a   0x0800018a   0x00000000   Code   RO          333    .ARM.Collect$$libinit$$00000017  c_w.l(libinit2.o)
    0x0800018a   0x0800018a   0x00000000   Code   RO          335    .ARM.Collect$$libinit$$00000019  c_w.l(libinit2.o)
    0x0800018a   0x0800018a   0x00000000   Code   RO          337    .ARM.Collect$$libinit$$0000001B  c_w.l(libinit2.o)
    0x0800018a   0x0800018a   0x00000000   Code   RO          339    .ARM.Collect$$libinit$$0000001D  c_w.l(libinit2.o)
    0x0800018a   0x0800018a   0x00000000   Code   RO          341    .ARM.Collect$$libinit$$0000001F  c_w.l(libinit2.o)
    0x0800018a   0x0800018a   0x00000000   Code   RO          343    .ARM.Collect$$libinit$$00000021  c_w.l(libinit2.o)
    0x0800018a   0x0800018a   0x00000000   Code   RO          345    .ARM.Collect$$libinit$$00000023  c_w.l(libinit2.o)
    0x0800018a   0x0800018a   0x00000000   Code   RO          347    .ARM.Collect$$libinit$$00000025  c_w.l(libinit2.o)
    0x0800018a   0x0800018a   0x00000000   Code   RO          349    .ARM.Collect$$libinit$$00000027  c_w.l(libinit2.o)
    0x0800018a   0x0800018a   0x00000000   Code   RO          353    .ARM.Collect$$libinit$$0000002E  c_w.l(libinit2.o)
    0x0800018a   0x0800018a   0x00000000   Code   RO          355    .ARM.Collect$$libinit$$00000030  c_w.l(libinit2.o)
    0x0800018a   0x0800018a   0x00000000   Code   RO          357    .ARM.Collect$$libinit$$00000032  c_w.l(libinit2.o)
    0x0800018a   0x0800018a   0x00000000   Code   RO          359    .ARM.Collect$$libinit$$00000034  c_w.l(libinit2.o)
    0x0800018a   0x0800018a   0x00000002   Code   RO          360    .ARM.Collect$$libinit$$00000035  c_w.l(libinit2.o)
    0x0800018c   0x0800018c   0x00000002   Code   RO          384    .ARM.Collect$$libshutdown$$00000000  c_w.l(libshutdown.o)
    0x0800018e   0x0800018e   0x00000000   Code   RO          399    .ARM.Collect$$libshutdown$$00000002  c_w.l(libshutdown2.o)
    0x0800018e   0x0800018e   0x00000000   Code   RO          401    .ARM.Collect$$libshutdown$$00000004  c_w.l(libshutdown2.o)
    0x0800018e   0x0800018e   0x00000000   Code   RO          404    .ARM.Collect$$libshutdown$$00000007  c_w.l(libshutdown2.o)
    0x0800018e   0x0800018e   0x00000000   Code   RO          407    .ARM.Collect$$libshutdown$$0000000A  c_w.l(libshutdown2.o)
    0x0800018e   0x0800018e   0x00000000   Code   RO          409    .ARM.Collect$$libshutdown$$0000000C  c_w.l(libshutdown2.o)
    0x0800018e   0x0800018e   0x00000000   Code   RO          412    .ARM.Collect$$libshutdown$$0000000F  c_w.l(libshutdown2.o)
    0x0800018e   0x0800018e   0x00000002   Code   RO          413    .ARM.Collect$$libshutdown$$00000010  c_w.l(libshutdown2.o)
    0x08000190   0x08000190   0x00000000   Code   RO          214    .ARM.Collect$$rtentry$$00000000  c_w.l(__rtentry.o)
    0x08000190   0x08000190   0x00000000   Code   RO          272    .ARM.Collect$$rtentry$$00000002  c_w.l(__rtentry2.o)
    0x08000190   0x08000190   0x00000006   Code   RO          284    .ARM.Collect$$rtentry$$00000004  c_w.l(__rtentry4.o)
    0x08000196   0x08000196   0x00000000   Code   RO          274    .ARM.Collect$$rtentry$$00000009  c_w.l(__rtentry2.o)
    0x08000196   0x08000196   0x00000004   Code   RO          275    .ARM.Collect$$rtentry$$0000000A  c_w.l(__rtentry2.o)
    0x0800019a   0x0800019a   0x00000000   Code   RO          277    .ARM.Collect$$rtentry$$0000000C  c_w.l(__rtentry2.o)
    0x0800019a   0x0800019a   0x00000008   Code   RO          278    .ARM.Collect$$rtentry$$0000000D  c_w.l(__rtentry2.o)
    0x080001a2   0x080001a2   0x00000002   Code   RO          312    .ARM.Collect$$rtexit$$00000000  c_w.l(rtexit.o)
    0x080001a4   0x080001a4   0x00000000   Code   RO          364    .ARM.Collect$$rtexit$$00000002  c_w.l(rtexit2.o)
    0x080001a4   0x080001a4   0x00000004   Code   RO          365    .ARM.Collect$$rtexit$$00000003  c_w.l(rtexit2.o)
    0x080001a8   0x080001a8   0x00000006   Code   RO          366    .ARM.Collect$$rtexit$$00000004  c_w.l(rtexit2.o)
    0x080001ae   0x080001ae   0x00000002   PAD
    0x080001b0   0x080001b0   0x00000040   Code   RO          110  * .text               startup_stm32f10x_hd.o
    0x080001f0   0x080001f0   0x00000006   Code   RO          135    .text               c_w.l(heapauxi.o)
    0x080001f6   0x080001f6   0x00000016   Code   RO          215    .text               c_w.l(_rserrno.o)
    0x0800020c   0x0800020c   0x00000008   Code   RO          289    .text               c_w.l(rt_errno_addr_intlibspace.o)
    0x08000214   0x08000214   0x00000008   Code   RO          297    .text               c_w.l(libspace.o)
    0x0800021c   0x0800021c   0x0000004a   Code   RO          300    .text               c_w.l(sys_stackheap_outer.o)
    0x08000266   0x08000266   0x00000012   Code   RO          302    .text               c_w.l(exit.o)
    0x08000278   0x08000278   0x0000000c   Code   RO          374    .text               c_w.l(sys_exit.o)
    0x08000284   0x08000284   0x00000002   Code   RO          389    .text               c_w.l(use_no_semi.o)
    0x08000286   0x08000286   0x00000000   Code   RO          391    .text               c_w.l(indicate_semi.o)
    0x08000286   0x08000286   0x00000002   PAD
    0x08000288   0x08000288   0x00000064   Code   RO           46    .text.DisplayCls    ssd1306.o
    0x080002ec   0x080002ec   0x000000aa   Code   RO           54    .text.DrawPointNew  ssd1306.o
    0x08000396   0x08000396   0x00000002   PAD
    0x08000398   0x08000398   0x000000f6   Code   RO            8    .text.I2C1_burstWrite  i2c.o
    0x0800048e   0x0800048e   0x00000002   PAD
    0x08000490   0x08000490   0x000001dc   Code   RO           14    .text.I2C2_burstRead  i2c.o
    0x0800066c   0x0800066c   0x0000011e   Code   RO           16    .text.I2C2_burstWrite  i2c.o
    0x0800078a   0x0800078a   0x00000002   PAD
    0x0800078c   0x0800078c   0x0000017c   Code   RO           12    .text.I2C2_byteRead  i2c.o
    0x08000908   0x08000908   0x000003be   Code   RO           68    .text.PX180DEGCoefficientCalculator  ssd1306.o
    0x08000cc6   0x08000cc6   0x00000002   PAD
    0x08000cc8   0x08000cc8   0x00000078   Code   RO           48    .text.RefreshRAM    ssd1306.o
    0x08000d40   0x08000d40   0x0000001a   Code   RO           50    .text.SetColStart   ssd1306.o
    0x08000d5a   0x08000d5a   0x00000002   PAD
    0x08000d5c   0x08000d5c   0x00000008   Code   RO          119    .text.SetSysClock   system_stm32f10x.o
    0x08000d64   0x08000d64   0x00000122   Code   RO          123    .text.SetSysClockTo72  system_stm32f10x.o
    0x08000e86   0x08000e86   0x00000002   PAD
    0x08000e88   0x08000e88   0x00000066   Code   RO          117    .text.SystemInit    system_stm32f10x.o
    0x08000eee   0x08000eee   0x00000002   PAD
    0x08000ef0   0x08000ef0   0x00000614   Code   RO           66    .text.bCoefficientCalculator  ssd1306.o
    0x08001504   0x08001504   0x0000007e   Code   RO           62    .text.drawAH        ssd1306.o
    0x08001582   0x08001582   0x00000002   PAD
    0x08001584   0x08001584   0x000000a4   Code   RO           70    .text.drawCenter    ssd1306.o
    0x08001628   0x08001628   0x0000192c   Code   RO           64    .text.drawScreen    ssd1306.o
    0x08002f54   0x08002f54   0x00000106   Code   RO            2    .text.i2c1_init     i2c.o
    0x0800305a   0x0800305a   0x00000002   PAD
    0x0800305c   0x0800305c   0x00000106   Code   RO           10    .text.i2c2_init     i2c.o
    0x08003162   0x08003162   0x00000002   PAD
    0x08003164   0x08003164   0x00000180   Code   RO           25    .text.main          main.o
    0x080032e4   0x080032e4   0x0000003e   Code   RO           97    .text.mpu_init      mpu6050.o
    0x08003322   0x08003322   0x00000002   PAD
    0x08003324   0x08003324   0x0000001e   Code   RO           91    .text.mpu_read_address  mpu6050.o
    0x08003342   0x08003342   0x00000002   PAD
    0x08003344   0x08003344   0x00000020   Code   RO           95    .text.mpu_read_values  mpu6050.o
    0x08003364   0x08003364   0x00000020   Code   RO           93    .text.mpu_write     mpu6050.o
    0x08003384   0x08003384   0x0000013a   Code   RO           44    .text.ssd1306_init  ssd1306.o
    0x080034be   0x080034be   0x00000002   PAD
    0x080034c0   0x080034c0   0x00000078   Code   RO           81    .text.systickDelaysMs  systick.o
    0x08003538   0x08003538   0x00000050   Code   RO           42    .text.writeByte     ssd1306.o
    0x08003588   0x08003588   0x00000028   Code   RO          255    i.__ARM_fpclassify  m_ws.l(fpclassify.o)
    0x080035b0   0x080035b0   0x00000388   Code   RO          260    i.__ieee754_rem_pio2  m_ws.l(rred.o)
    0x08003938   0x08003938   0x000000fc   Code   RO          238    i.__kernel_cos      m_ws.l(cos_i.o)
    0x08003a34   0x08003a34   0x000000aa   Code   RO          257    i.__kernel_poly     m_ws.l(poly.o)
    0x08003ade   0x08003ade   0x00000002   PAD
    0x08003ae0   0x08003ae0   0x000000ec   Code   RO          265    i.__kernel_sin      m_ws.l(sin_i.o)
    0x08003bcc   0x08003bcc   0x0000027c   Code   RO          268    i.__kernel_tan      m_ws.l(tan_i.o)
    0x08003e48   0x08003e48   0x00000006   Code   RO          242    i.__mathlib_dbl_infnan  m_ws.l(dunder.o)
    0x08003e4e   0x08003e4e   0x00000004   Code   RO          243    i.__mathlib_dbl_infnan2  m_ws.l(dunder.o)
    0x08003e52   0x08003e52   0x0000000c   Code   RO          244    i.__mathlib_dbl_invalid  m_ws.l(dunder.o)
    0x08003e5e   0x08003e5e   0x00000002   PAD
    0x08003e60   0x08003e60   0x00000010   Code   RO          247    i.__mathlib_dbl_underflow  m_ws.l(dunder.o)
    0x08003e70   0x08003e70   0x00000220   Code   RO          190    i.atan              m_ws.l(atan.o)
    0x08004090   0x08004090   0x0000019c   Code   RO          195    i.atan2             m_ws.l(atan2.o)
    0x0800422c   0x0800422c   0x0000009c   Code   RO          199    i.cos               m_ws.l(cos.o)
    0x080042c8   0x080042c8   0x000000a0   Code   RO          203    i.sin               m_ws.l(sin.o)
    0x08004368   0x08004368   0x0000004c   Code   RO          207    i.sqrt              m_ws.l(sqrt.o)
    0x080043b4   0x080043b4   0x00000064   Code   RO          211    i.tan               m_ws.l(tan.o)
    0x08004418   0x08004418   0x00000062   Code   RO          139    x$fpl$d2f           fz_ws.l(d2f.o)
    0x0800447a   0x0800447a   0x00000002   PAD
    0x0800447c   0x0800447c   0x00000150   Code   RO          141    x$fpl$dadd          fz_ws.l(daddsub_clz.o)
    0x080045cc   0x080045cc   0x00000010   Code   RO          291    x$fpl$dcheck1       fz_ws.l(dcheck1.o)
    0x080045dc   0x080045dc   0x00000018   Code   RO          293    x$fpl$dcmpinf       fz_ws.l(dcmpi.o)
    0x080045f4   0x080045f4   0x000002b4   Code   RO          148    x$fpl$ddiv          fz_ws.l(ddiv.o)
    0x080048a8   0x080048a8   0x00000078   Code   RO          217    x$fpl$deqf          fz_ws.l(deqf.o)
    0x08004920   0x08004920   0x0000005e   Code   RO          151    x$fpl$dfix          fz_ws.l(dfix.o)
    0x0800497e   0x0800497e   0x0000002e   Code   RO          156    x$fpl$dflt          fz_ws.l(dflt_clz.o)
    0x080049ac   0x080049ac   0x00000026   Code   RO          155    x$fpl$dfltu         fz_ws.l(dflt_clz.o)
    0x080049d2   0x080049d2   0x00000002   PAD
    0x080049d4   0x080049d4   0x00000154   Code   RO          161    x$fpl$dmul          fz_ws.l(dmul.o)
    0x08004b28   0x08004b28   0x0000009c   Code   RO          219    x$fpl$dnaninf       fz_ws.l(dnaninf.o)
    0x08004bc4   0x08004bc4   0x0000000c   Code   RO          221    x$fpl$dretinf       fz_ws.l(dretinf.o)
    0x08004bd0   0x08004bd0   0x00000016   Code   RO          142    x$fpl$drsb          fz_ws.l(daddsub_clz.o)
    0x08004be6   0x08004be6   0x00000002   PAD
    0x08004be8   0x08004be8   0x000001cc   Code   RO          223    x$fpl$dsqrt         fz_ws.l(dsqrt_noumaal.o)
    0x08004db4   0x08004db4   0x000001dc   Code   RO          143    x$fpl$dsub          fz_ws.l(daddsub_clz.o)
    0x08004f90   0x08004f90   0x00000056   Code   RO          163    x$fpl$f2d           fz_ws.l(f2d.o)
    0x08004fe6   0x08004fe6   0x00000002   PAD
    0x08004fe8   0x08004fe8   0x000000c4   Code   RO          165    x$fpl$fadd          fz_ws.l(faddsub_clz.o)
    0x080050ac   0x080050ac   0x00000054   Code   RO          171    x$fpl$fcmp          fz_ws.l(fcmp.o)
    0x08005100   0x08005100   0x00000018   Code   RO          295    x$fpl$fcmpinf       fz_ws.l(fcmpi.o)
    0x08005118   0x08005118   0x00000184   Code   RO          174    x$fpl$fdiv          fz_ws.l(fdiv.o)
    0x0800529c   0x0800529c   0x00000068   Code   RO          225    x$fpl$feqf          fz_ws.l(feqf.o)
    0x08005304   0x08005304   0x00000036   Code   RO          177    x$fpl$ffix          fz_ws.l(ffix.o)
    0x0800533a   0x0800533a   0x00000002   PAD
    0x0800533c   0x0800533c   0x00000030   Code   RO          182    x$fpl$fflt          fz_ws.l(fflt_clz.o)
    0x0800536c   0x0800536c   0x00000068   Code   RO          227    x$fpl$fgeqf         fz_ws.l(fgeqf.o)
    0x080053d4   0x080053d4   0x00000068   Code   RO          229    x$fpl$fleqf         fz_ws.l(fleqf.o)
    0x0800543c   0x0800543c   0x00000102   Code   RO          187    x$fpl$fmul          fz_ws.l(fmul.o)
    0x0800553e   0x0800553e   0x0000008c   Code   RO          231    x$fpl$fnaninf       fz_ws.l(fnaninf.o)
    0x080055ca   0x080055ca   0x0000000a   Code   RO          233    x$fpl$fretinf       fz_ws.l(fretinf.o)
    0x080055d4   0x080055d4   0x000000ea   Code   RO          167    x$fpl$fsub          fz_ws.l(faddsub_clz.o)
    0x080056be   0x080056be   0x00000064   Code   RO          310    x$fpl$retnan        fz_ws.l(retnan.o)
    0x08005722   0x08005722   0x0000005c   Code   RO          235    x$fpl$scalbn        fz_ws.l(scalbn.o)
    0x0800577e   0x0800577e   0x00000030   Code   RO          361    x$fpl$trapveneer    fz_ws.l(trapv.o)
    0x080057ae   0x080057ae   0x00000000   Code   RO          237    x$fpl$usenofp       fz_ws.l(usenofp.o)
    0x080057ae   0x080057ae   0x00000002   PAD
    0x080057b0   0x080057b0   0x00000098   Data   RO          191    .constdata          m_ws.l(atan.o)
    0x08005848   0x08005848   0x00000030   Data   RO          239    .constdata          m_ws.l(cos_i.o)
    0x08005878   0x08005878   0x00000008   Data   RO          259    .constdata          m_ws.l(qnan.o)
    0x08005880   0x08005880   0x000000cc   Data   RO          262    .constdata          m_ws.l(rred.o)
    0x0800594c   0x0800594c   0x00000004   PAD
    0x08005950   0x08005950   0x00000028   Data   RO          266    .constdata          m_ws.l(sin_i.o)
    0x08005978   0x08005978   0x00000060   Data   RO          269    .constdata          m_ws.l(tan_i.o)
    0x080059d8   0x080059d8   0x00000010   Data   RO          447    Region$$Table       anon$$obj.o


    Execution Region ER_RW (Exec base: 0x20000000, Load base: 0x080059e8, Size: 0x00000000, Max: 0xffffffff, ABSOLUTE)

    **** No section assigned to this execution region ****


    Execution Region ER_ZI (Exec base: 0x20000000, Load base: 0x080059e8, Size: 0x00000a88, Max: 0xffffffff, ABSOLUTE)

    Exec Addr    Load Addr    Size         Type   Attr      Idx    E Section Name        Object

    0x20000000        -       0x00000060   Zero   RW          298    .bss                c_w.l(libspace.o)
    0x20000060        -       0x00000400   Zero   RW           72    .bss.DispBuff       ssd1306.o
    0x20000460        -       0x00000004   Zero   RW           30    .bss.acc_x          main.o
    0x20000464        -       0x00000004   Zero   RW           31    .bss.acc_y          main.o
    0x20000468        -       0x00000004   Zero   RW           32    .bss.acc_z          main.o
    0x2000046c        -       0x00000002   Zero   RW           27    .bss.ax             main.o
    0x2000046e        -       0x00000002   Zero   RW           28    .bss.ay             main.o
    0x20000470        -       0x00000002   Zero   RW           29    .bss.az             main.o
    0x20000472        -       0x00000001   Zero   RW           99    .bss.data           mpu6050.o
    0x20000473   0x080059e8   0x00000001   PAD
    0x20000474        -       0x00000002   Zero   RW           34    .bss.pitch          main.o
    0x20000476        -       0x00000002   Zero   RW           33    .bss.roll           main.o
    0x20000478        -       0x0000000e   Zero   RW          100    .bss.sensors_data   mpu6050.o
    0x20000486   0x080059e8   0x00000002   PAD
    0x20000488        -       0x00000200   Zero   RW          108    HEAP                startup_stm32f10x_hd.o
    0x20000688        -       0x00000400   Zero   RW          107    STACK               startup_stm32f10x_hd.o


==============================================================================

Image component sizes


      Code (inc. data)   RO Data    RW Data    ZI Data      Debug   Object Name

      1912          0          0          0          0       4489   i2c.o
       384          0          0          0         22        893   main.o
       156          0          0          0         15       1073   mpu6050.o
     10058          0          0          0       1024      10478   ssd1306.o
        64         26        304          0       1536        896   startup_stm32f10x_hd.o
       400          0          0          0          0       2921   system_stm32f10x.o
       120          0          0          0          0        933   systick.o

    ----------------------------------------------------------------------
     13120         26        320          0       2600      21683   Object Totals
         0          0         16          0          0          0   (incl. Generated)
        26          0          0          0          3          0   (incl. Padding)

    ----------------------------------------------------------------------

      Code (inc. data)   RO Data    RW Data    ZI Data      Debug   Library Member Name

         8          0          0          0          0         68   __main.o
         0          0          0          0          0          0   __rtentry.o
        12          0          0          0          0          0   __rtentry2.o
         6          0          0          0          0          0   __rtentry4.o
        52          8          0          0          0          0   __scatter.o
        28          0          0          0          0          0   __scatter_zi.o
        22          0          0          0          0        100   _rserrno.o
        18          0          0          0          0         80   exit.o
         6          0          0          0          0        152   heapauxi.o
         0          0          0          0          0          0   indicate_semi.o
         2          0          0          0          0          0   libinit.o
         2          0          0          0          0          0   libinit2.o
         2          0          0          0          0          0   libshutdown.o
         2          0          0          0          0          0   libshutdown2.o
         8          4          0          0         96         68   libspace.o
         8          4          0          0          0         68   rt_errno_addr_intlibspace.o
         2          0          0          0          0          0   rtexit.o
        10          0          0          0          0          0   rtexit2.o
        12          4          0          0          0         68   sys_exit.o
        74          0          0          0          0         80   sys_stackheap_outer.o
         2          0          0          0          0         68   use_no_semi.o
        98          4          0          0          0         92   d2f.o
       834         16          0          0          0        372   daddsub_clz.o
        16          4          0          0          0         68   dcheck1.o
        24          0          0          0          0         68   dcmpi.o
       692        140          0          0          0        216   ddiv.o
       120          4          0          0          0         92   deqf.o
        94          4          0          0          0         92   dfix.o
        84          0          0          0          0        136   dflt_clz.o
       340         12          0          0          0        104   dmul.o
       156          4          0          0          0         92   dnaninf.o
        12          0          0          0          0         68   dretinf.o
       460         56          0          0          0        120   dsqrt_noumaal.o
        86          4          0          0          0         84   f2d.o
       430          8          0          0          0        168   faddsub_clz.o
        84          0          0          0          0        196   fcmp.o
        24          0          0          0          0         68   fcmpi.o
       388         76          0          0          0         96   fdiv.o
       104          4          0          0          0         84   feqf.o
        54          4          0          0          0         84   ffix.o
        48          0          0          0          0         68   fflt_clz.o
       104          4          0          0          0         84   fgeqf.o
       104          4          0          0          0         84   fleqf.o
       258          4          0          0          0         84   fmul.o
       140          4          0          0          0         84   fnaninf.o
        10          0          0          0          0         68   fretinf.o
       100          0          0          0          0         68   retnan.o
        92          0          0          0          0         68   scalbn.o
        48          0          0          0          0         68   trapv.o
         0          0          0          0          0          0   usenofp.o
       544         70        152          0          0        124   atan.o
       412         38          0          0          0        144   atan2.o
       156          8          0          0          0        104   cos.o
       252         22         48          0          0        124   cos_i.o
        38          6          0          0          0        272   dunder.o
        40          0          0          0          0         68   fpclassify.o
       170          0          0          0          0         96   poly.o
         0          0          8          0          0          0   qnan.o
       904         76        204          0          0        140   rred.o
       160         10          0          0          0        108   sin.o
       236         12         40          0          0        128   sin_i.o
        76          0          0          0          0         84   sqrt.o
       100         10          0          0          0         96   tan.o
       636         50         96          0          0        168   tan_i.o

    ----------------------------------------------------------------------
      9024        678        552          0         96       5384   Library Totals
        20          0          4          0          0          0   (incl. Padding)

    ----------------------------------------------------------------------

      Code (inc. data)   RO Data    RW Data    ZI Data      Debug   Library Name

       276         20          0          0         96        752   c_w.l
      5004        356          0          0          0       2976   fz_ws.l
      3724        302        548          0          0       1656   m_ws.l

    ----------------------------------------------------------------------
      9024        678        552          0         96       5384   Library Totals

    ----------------------------------------------------------------------

==============================================================================


      Code (inc. data)   RO Data    RW Data    ZI Data      Debug   

     22144        704        872          0       2696      24191   Grand Totals
     22144        704        872          0       2696      24191   ELF Image Totals
     22144        704        872          0          0          0   ROM Totals

==============================================================================

    Total RO  Size (Code + RO Data)                23016 (  22.48kB)
    Total RW  Size (RW Data + ZI Data)              2696 (   2.63kB)
    Total ROM Size (Code + RO Data + RW Data)      23016 (  22.48kB)

==============================================================================

